
> mymoney@1.0.0 dev:e2e
> node scripts/start-e2e.cjs

[e2e] starting Next dev server on :3100 against TEST database
(node:43932) [DEP0190] DeprecationWarning: Passing args to a child process with shell option true can lead to security vulnerabilities, as the arguments are not escaped, only concatenated.
(Use `node --trace-deprecation ...` to show where the warning was created)
   ▲ Next.js 15.5.19
   - Local:        http://localhost:3100
   - Network:      http://192.168.150.1:3100
   - Environments: .env.local, .env

 ✓ Starting...
 ✓ Ready in 2.8s
 ✓ Compiled /middleware in 236ms (170 modules)
 ○ Compiling /login ...
 ✓ Compiled /login in 3.6s (1630 modules)
 GET /login?callbackUrl=%2F 200 in 88ms
 GET /login 200 in 82ms
 ○ Compiling /api/setup/status ...
 ✓ Compiled /api/setup/status in 1663ms (1772 modules)
 GET /api/setup/status 200 in 1910ms
 GET /login 200 in 105ms
 GET /api/auth/session 200 in 2509ms
 GET /api/setup/status 200 in 64ms
 GET /api/auth/session 200 in 68ms
 GET /api/auth/providers 200 in 42ms
 GET /api/auth/csrf 200 in 52ms
 POST /api/auth/callback/credentials? 200 in 146ms
 GET /api/auth/session 200 in 46ms
 ○ Compiling / ...
 ✓ Compiled / in 1506ms (2986 modules)
 GET / 200 in 2435ms
 ○ Compiling /api/bank-accounts ...
 ✓ Compiled /api/bank-accounts in 1069ms (3000 modules)
 GET /api/expenses/years 200 in 1355ms
 GET /api/bank-accounts 200 in 1382ms
 GET /api/profiles 200 in 1386ms
 GET /api/net-worth 200 in 1395ms
 GET /api/insights? 200 in 1437ms
 GET /api/health-score 200 in 1442ms
 ○ Compiling /api/cash-balance ...
 ✓ Compiled /api/cash-balance in 820ms (3002 modules)
 GET /api/expenses/years 200 in 1093ms
 GET /api/net-worth 200 in 1016ms
 GET /api/cash-balance 200 in 1102ms
 GET /api/bank-accounts 200 in 1079ms
 GET /api/profiles 200 in 1084ms
 GET /api/insights? 200 in 1051ms
 GET /api/health-score 200 in 245ms
 ○ Compiling /api/import/bank-analysis ...
 ✓ Compiled /api/import/bank-analysis in 1862ms (3030 modules)
 GET /api/profiles 200 in 2066ms
 GET /api/cash-balance 200 in 2067ms
 POST /api/import/bank-analysis 400 in 2074ms
 POST /api/import/bank-analysis 200 in 66ms
 ✓ Compiled in 799ms (1358 modules)
 ✓ Compiled in 1553ms (2845 modules)
 ✓ Compiled in 2.6s (1358 modules)
 ✓ Compiled in 707ms (1358 modules)
 ✓ Compiled in 1149ms (1358 modules)
 ✓ Compiled in 919ms (1358 modules)
 ✓ Compiled in 640ms (1358 modules)
 ✓ Compiled in 680ms (1358 modules)
 ✓ Compiled in 850ms (1358 modules)
 ✓ Compiled in 670ms (1358 modules)
 ✓ Compiled in 855ms (1358 modules)
 ✓ Compiled in 649ms (1358 modules)
 ✓ Compiled in 697ms (1358 modules)
 ✓ Compiled in 686ms (1358 modules)
 ✓ Compiled in 828ms (1358 modules)
 ✓ Compiled in 911ms (1358 modules)
 ✓ Compiled in 634ms (1358 modules)
 ✓ Compiled in 823ms (1358 modules)
 ✓ Compiled in 685ms (1358 modules)
 ✓ Compiled in 833ms (1358 modules)
 ✓ Compiled in 682ms (1358 modules)
 ✓ Compiled in 701ms (1358 modules)
 ✓ Compiled in 567ms (1358 modules)
 ✓ Compiled in 538ms (1358 modules)
 ✓ Compiled in 649ms (1358 modules)
 GET /login?callbackUrl=%2F 200 in 708ms
 GET /login?callbackUrl=%2F 200 in 79ms
 ✓ Compiled /api/auth/[...nextauth] in 429ms (1640 modules)
 GET /api/auth/csrf 200 in 703ms
 POST /api/auth/callback/credentials 302 in 173ms
 GET / 200 in 756ms
 GET /api/auth/session 200 in 56ms
 ✓ Compiled /api/bank-accounts in 230ms (1644 modules)
 ✓ Compiled (1654 modules)
 GET /api/expenses/years 200 in 932ms
 GET /api/profiles 200 in 965ms
 GET /api/bank-accounts 200 in 968ms
 GET /api/net-worth 200 in 978ms
 GET /api/insights? 200 in 1022ms
 GET /api/health-score 200 in 1041ms
 ○ Compiling /api/cash-balance ...
 ✓ Compiled /api/cash-balance in 658ms (1656 modules)
 GET /api/auth/session 200 in 985ms
 GET /api/profiles 200 in 1031ms
 GET /api/cash-balance 200 in 1116ms
 ✓ Compiled in 541ms (1358 modules)
 GET /login 200 in 384ms
 GET /api/auth/session 200 in 50ms
 ○ Compiling /setup ...
 ✓ Compiled /setup in 1961ms (3013 modules)
 GET /api/auth/session 200 in 2085ms
 GET /setup 200 in 2129ms
 GET /setup 200 in 2189ms
 GET /setup 200 in 583ms
 GET /api/auth/session 200 in 59ms
 GET /api/auth/session 200 in 36ms
 GET /setup 200 in 77ms
 GET /api/auth/session 200 in 48ms
 GET /api/auth/session 200 in 38ms
 GET /setup 200 in 88ms
 GET /api/auth/session 200 in 42ms
 GET /api/auth/session 200 in 37ms
 GET /setup 200 in 82ms
 GET /api/auth/session 200 in 68ms
 GET /api/auth/session 200 in 35ms
 GET /setup 200 in 86ms
 GET /api/auth/session 200 in 46ms
 ○ Compiling /api/setup/status ...
 ✓ Compiled /api/setup/status in 584ms (1666 modules)
 GET /api/setup/status 200 in 1020ms
 GET /api/auth/session 200 in 999ms
 GET /login 200 in 80ms
 GET /api/setup/status 200 in 40ms
 GET /api/setup/status 200 in 42ms
 ○ Compiling /api/setup/admin ...
 ✓ Compiled /api/setup/admin in 641ms (3017 modules)
 POST /api/setup/admin 400 in 734ms
 POST /api/setup/admin 400 in 34ms
 GET /login 200 in 290ms
 GET /api/auth/session 200 in 119ms
 GET /api/setup/status 200 in 76ms
 GET /api/auth/session 200 in 53ms
 GET /api/setup/status 200 in 39ms
 GET /login 200 in 79ms
 GET /api/auth/session 200 in 44ms
 GET /api/setup/status 200 in 67ms
 GET /api/auth/session 200 in 57ms
 GET /api/setup/status 200 in 40ms
 GET /api/auth/providers 200 in 41ms
 GET /api/auth/csrf 200 in 36ms
[31m[auth][error][0m CredentialsSignin: Read more at https://errors.authjs.dev#credentialssignin
    at Module.callback (webpack-internal:///(rsc)/./node_modules/@auth/core/lib/actions/callback/index.js:246:23)
    at async AuthInternal (webpack-internal:///(rsc)/./node_modules/@auth/core/lib/index.js:70:24)
    at async Auth (webpack-internal:///(rsc)/./node_modules/@auth/core/index.js:130:34)
    at async AppRouteRouteModule.do (C:\Users\ADMIN\Documents\Srinikc\AI Products\mymoney\node_modules\next\dist\compiled\next-server\app-route.runtime.dev.js:5:38696)
    at async AppRouteRouteModule.handle (C:\Users\ADMIN\Documents\Srinikc\AI Products\mymoney\node_modules\next\dist\compiled\next-server\app-route.runtime.dev.js:5:45978)
    at async responseGenerator (webpack-internal:///(rsc)/./node_modules/next/dist/build/webpack/loaders/next-app-loader/index.js?name=app%2Fapi%2Fauth%2F%5B...nextauth%5D%2Froute&page=%2Fapi%2Fauth%2F%5B...nextauth%5D%2Froute&appPaths=&pagePath=private-next-app-dir%2Fapi%2Fauth%2F%5B...nextauth%5D%2Froute.ts&appDir=C%3A%5CUsers%5CADMIN%5CDocuments%5CSrinikc%5CAI%20Products%5Cmymoney%5Csrc%5Capp&pageExtensions=tsx&pageExtensions=ts&pageExtensions=jsx&pageExtensions=js&rootDir=C%3A%5CUsers%5CADMIN%5CDocuments%5CSrinikc%5CAI%20Products%5Cmymoney&isDev=true&tsconfigPath=tsconfig.json&basePath=&assetPrefix=&nextConfigOutput=&preferredRegion=&middlewareConfig=e30%3D&isGlobalNotFoundEnabled=!:203:38)
    at async AppRouteRouteModule.handleResponse (C:\Users\ADMIN\Documents\Srinikc\AI Products\mymoney\node_modules\next\dist\compiled\next-server\app-route.runtime.dev.js:1:195304)
    at async handleResponse (webpack-internal:///(rsc)/./node_modules/next/dist/build/webpack/loaders/next-app-loader/index.js?name=app%2Fapi%2Fauth%2F%5B...nextauth%5D%2Froute&page=%2Fapi%2Fauth%2F%5B...nextauth%5D%2Froute&appPaths=&pagePath=private-next-app-dir%2Fapi%2Fauth%2F%5B...nextauth%5D%2Froute.ts&appDir=C%3A%5CUsers%5CADMIN%5CDocuments%5CSrinikc%5CAI%20Products%5Cmymoney%5Csrc%5Capp&pageExtensions=tsx&pageExtensions=ts&pageExtensions=jsx&pageExtensions=js&rootDir=C%3A%5CUsers%5CADMIN%5CDocuments%5CSrinikc%5CAI%20Products%5Cmymoney&isDev=true&tsconfigPath=tsconfig.json&basePath=&assetPrefix=&nextConfigOutput=&preferredRegion=&middlewareConfig=e30%3D&isGlobalNotFoundEnabled=!:265:32)
    at async handler (webpack-internal:///(rsc)/./node_modules/next/dist/build/webpack/loaders/next-app-loader/index.js?name=app%2Fapi%2Fauth%2F%5B...nextauth%5D%2Froute&page=%2Fapi%2Fauth%2F%5B...nextauth%5D%2Froute&appPaths=&pagePath=private-next-app-dir%2Fapi%2Fauth%2F%5B...nextauth%5D%2Froute.ts&appDir=C%3A%5CUsers%5CADMIN%5CDocuments%5CSrinikc%5CAI%20Products%5Cmymoney%5Csrc%5Capp&pageExtensions=tsx&pageExtensions=ts&pageExtensions=jsx&pageExtensions=js&rootDir=C%3A%5CUsers%5CADMIN%5CDocuments%5CSrinikc%5CAI%20Products%5Cmymoney&isDev=true&tsconfigPath=tsconfig.json&basePath=&assetPrefix=&nextConfigOutput=&preferredRegion=&middlewareConfig=e30%3D&isGlobalNotFoundEnabled=!:317:13)
    at async DevServer.renderToResponseWithComponentsImpl (C:\Users\ADMIN\Documents\Srinikc\AI Products\mymoney\node_modules\next\dist\server\base-server.js:1430:9)
    at async DevServer.renderPageComponent (C:\Users\ADMIN\Documents\Srinikc\AI Products\mymoney\node_modules\next\dist\server\base-server.js:1482:24)
    at async DevServer.renderToResponseImpl (C:\Users\ADMIN\Documents\Srinikc\AI Products\mymoney\node_modules\next\dist\server\base-server.js:1522:32)
    at async DevServer.pipeImpl (C:\Users\ADMIN\Documents\Srinikc\AI Products\mymoney\node_modules\next\dist\server\base-server.js:1026:25)
    at async NextNodeServer.handleCatchallRenderRequest (C:\Users\ADMIN\Documents\Srinikc\AI Products\mymoney\node_modules\next\dist\server\next-server.js:394:17)
    at async DevServer.handleRequestImpl (C:\Users\ADMIN\Documents\Srinikc\AI Products\mymoney\node_modules\next\dist\server\base-server.js:917:17)
    at async C:\Users\ADMIN\Documents\Srinikc\AI Products\mymoney\node_modules\next\dist\server\dev\next-dev-server.js:400:20
    at async Span.traceAsyncFn (C:\Users\ADMIN\Documents\Srinikc\AI Products\mymoney\node_modules\next\dist\trace\trace.js:157:20)
    at async DevServer.handleRequest (C:\Users\ADMIN\Documents\Srinikc\AI Products\mymoney\node_modules\next\dist\server\dev\next-dev-server.js:396:24)
    at async invokeRender (C:\Users\ADMIN\Documents\Srinikc\AI Products\mymoney\node_modules\next\dist\server\lib\router-server.js:240:21)
    at async handleRequest (C:\Users\ADMIN\Documents\Srinikc\AI Products\mymoney\node_modules\next\dist\server\lib\router-server.js:437:24)
    at async requestHandlerImpl (C:\Users\ADMIN\Documents\Srinikc\AI Products\mymoney\node_modules\next\dist\server\lib\router-server.js:485:13)
    at async Server.requestListener (C:\Users\ADMIN\Documents\Srinikc\AI Products\mymoney\node_modules\next\dist\server\lib\start-server.js:226:13)
 POST /api/auth/callback/credentials? 200 in 45ms
 GET /api/auth/session 200 in 49ms
 POST /api/setup/admin 400 in 36ms
 GET /setup 200 in 91ms
 GET /api/auth/session 200 in 47ms
 GET /api/auth/session 200 in 43ms
 GET /setup 200 in 117ms
 GET /api/auth/session 200 in 43ms
 GET /api/auth/session 200 in 35ms
 ○ Compiling /assets ...
 ✓ Compiled /assets in 1775ms (4955 modules)
 GET /assets 200 in 2465ms
 GET /login?callbackUrl=%2F 200 in 107ms
 GET /api/bank-accounts 401 in 74ms
 ○ Compiling /bank-accounts ...
 ✓ Compiled /bank-accounts in 747ms (4966 modules)
 GET /bank-accounts 200 in 1121ms
 GET /api/auth/session 200 in 102ms
 GET /api/profiles 200 in 149ms
 GET /api/bank-accounts 200 in 155ms
 GET /api/cash-balance 200 in 167ms
 GET /api/auth/session 200 in 87ms
 GET /api/profiles 200 in 68ms
 GET / 200 in 302ms
 ○ Compiling /api/bank-accounts/[id] ...
 ✓ Compiled /api/bank-accounts/[id] in 723ms (4968 modules)
 GET /api/auth/session 200 in 66ms
 GET /api/profiles 200 in 235ms
 GET /api/bank-accounts/99999999 404 in 1594ms
 GET /api/net-worth 200 in 234ms
 GET /api/insights? 200 in 274ms
 GET /api/health-score 200 in 274ms
 GET /api/expenses/years 200 in 275ms
 ○ Compiling /settings/bank-accounts ...
 ✓ Compiled /settings/bank-accounts in 794ms (4979 modules)
 GET /settings/bank-accounts 200 in 1195ms
 GET /api/auth/session 200 in 105ms
 GET /api/profiles 200 in 122ms
 GET /api/bank-accounts 200 in 130ms
 GET /api/auth/session 200 in 65ms
 GET /api/profiles 200 in 59ms
 GET /bank-accounts 200 in 142ms
 GET /api/auth/session 200 in 45ms
 GET /api/profiles 200 in 124ms
 GET /api/bank-accounts 200 in 146ms
 GET /api/cash-balance 200 in 148ms
 GET /api/auth/session 200 in 96ms
 GET /api/profiles 200 in 85ms
 GET /settings/bank-accounts 200 in 47ms
 GET /api/bank-accounts 200 in 49ms
 GET /api/bank-accounts 200 in 52ms
 GET / 200 in 275ms
 GET /api/bank-accounts 200 in 50ms
 GET /bank-accounts 200 in 125ms
 GET /api/auth/session 200 in 52ms
 GET /api/profiles 200 in 148ms
 GET /api/bank-accounts 200 in 169ms
 GET /api/cash-balance 200 in 172ms
 GET /api/auth/session 200 in 73ms
 GET /api/profiles 200 in 67ms
 GET /bank-accounts 200 in 125ms
 GET /api/auth/session 200 in 91ms
 GET /api/profiles 200 in 306ms
 GET /api/bank-accounts 200 in 315ms
 GET /api/cash-balance 200 in 318ms
 GET /api/auth/session 200 in 193ms
 GET /api/profiles 200 in 63ms
 GET /settings/bank-accounts 200 in 171ms
 GET /api/auth/session 200 in 46ms
 GET /api/profiles 200 in 97ms
 GET /api/bank-accounts 200 in 121ms
 GET /api/auth/session 200 in 87ms
 GET /api/profiles 200 in 74ms
 POST /api/bank-accounts 201 in 91ms
 GET /api/bank-accounts 200 in 101ms
 GET /settings/bank-accounts 200 in 131ms
 GET /api/auth/session 200 in 63ms
 GET /api/profiles 200 in 162ms
 GET /api/bank-accounts 200 in 191ms
 GET /api/auth/session 200 in 97ms
 GET /api/profiles 200 in 75ms
 POST /api/bank-accounts 400 in 57ms
 GET /bank-accounts 200 in 112ms
 GET /api/auth/session 200 in 64ms
 GET /api/profiles 200 in 169ms
 GET /api/bank-accounts 200 in 191ms
 GET /api/cash-balance 200 in 193ms
 GET /api/auth/session 200 in 98ms
 GET /api/profiles 200 in 79ms
 GET /login?callbackUrl=%2F 200 in 95ms
 GET /api/bank-accounts 401 in 90ms
 GET /login 200 in 222ms
 GET /api/auth/session 200 in 65ms
 GET /api/setup/status 200 in 91ms
 GET /api/auth/session 200 in 88ms
 GET /api/setup/status 200 in 54ms
 GET /api/auth/providers 200 in 60ms
 GET /api/auth/csrf 200 in 49ms
[31m[auth][error][0m CredentialsSignin: Read more at https://errors.authjs.dev#credentialssignin
    at Module.callback (webpack-internal:///(rsc)/./node_modules/@auth/core/lib/actions/callback/index.js:246:23)
    at async AuthInternal (webpack-internal:///(rsc)/./node_modules/@auth/core/lib/index.js:70:24)
    at async Auth (webpack-internal:///(rsc)/./node_modules/@auth/core/index.js:130:34)
    at async AppRouteRouteModule.do (C:\Users\ADMIN\Documents\Srinikc\AI Products\mymoney\node_modules\next\dist\compiled\next-server\app-route.runtime.dev.js:5:38696)
    at async AppRouteRouteModule.handle (C:\Users\ADMIN\Documents\Srinikc\AI Products\mymoney\node_modules\next\dist\compiled\next-server\app-route.runtime.dev.js:5:45978)
    at async responseGenerator (webpack-internal:///(rsc)/./node_modules/next/dist/build/webpack/loaders/next-app-loader/index.js?name=app%2Fapi%2Fauth%2F%5B...nextauth%5D%2Froute&page=%2Fapi%2Fauth%2F%5B...nextauth%5D%2Froute&appPaths=&pagePath=private-next-app-dir%2Fapi%2Fauth%2F%5B...nextauth%5D%2Froute.ts&appDir=C%3A%5CUsers%5CADMIN%5CDocuments%5CSrinikc%5CAI%20Products%5Cmymoney%5Csrc%5Capp&pageExtensions=tsx&pageExtensions=ts&pageExtensions=jsx&pageExtensions=js&rootDir=C%3A%5CUsers%5CADMIN%5CDocuments%5CSrinikc%5CAI%20Products%5Cmymoney&isDev=true&tsconfigPath=tsconfig.json&basePath=&assetPrefix=&nextConfigOutput=&preferredRegion=&middlewareConfig=e30%3D&isGlobalNotFoundEnabled=!:203:38)
    at async AppRouteRouteModule.handleResponse (C:\Users\ADMIN\Documents\Srinikc\AI Products\mymoney\node_modules\next\dist\compiled\next-server\app-route.runtime.dev.js:1:195304)
    at async handleResponse (webpack-internal:///(rsc)/./node_modules/next/dist/build/webpack/loaders/next-app-loader/index.js?name=app%2Fapi%2Fauth%2F%5B...nextauth%5D%2Froute&page=%2Fapi%2Fauth%2F%5B...nextauth%5D%2Froute&appPaths=&pagePath=private-next-app-dir%2Fapi%2Fauth%2F%5B...nextauth%5D%2Froute.ts&appDir=C%3A%5CUsers%5CADMIN%5CDocuments%5CSrinikc%5CAI%20Products%5Cmymoney%5Csrc%5Capp&pageExtensions=tsx&pageExtensions=ts&pageExtensions=jsx&pageExtensions=js&rootDir=C%3A%5CUsers%5CADMIN%5CDocuments%5CSrinikc%5CAI%20Products%5Cmymoney&isDev=true&tsconfigPath=tsconfig.json&basePath=&assetPrefix=&nextConfigOutput=&preferredRegion=&middlewareConfig=e30%3D&isGlobalNotFoundEnabled=!:265:32)
    at async handler (webpack-internal:///(rsc)/./node_modules/next/dist/build/webpack/loaders/next-app-loader/index.js?name=app%2Fapi%2Fauth%2F%5B...nextauth%5D%2Froute&page=%2Fapi%2Fauth%2F%5B...nextauth%5D%2Froute&appPaths=&pagePath=private-next-app-dir%2Fapi%2Fauth%2F%5B...nextauth%5D%2Froute.ts&appDir=C%3A%5CUsers%5CADMIN%5CDocuments%5CSrinikc%5CAI%20Products%5Cmymoney%5Csrc%5Capp&pageExtensions=tsx&pageExtensions=ts&pageExtensions=jsx&pageExtensions=js&rootDir=C%3A%5CUsers%5CADMIN%5CDocuments%5CSrinikc%5CAI%20Products%5Cmymoney&isDev=true&tsconfigPath=tsconfig.json&basePath=&assetPrefix=&nextConfigOutput=&preferredRegion=&middlewareConfig=e30%3D&isGlobalNotFoundEnabled=!:317:13)
    at async DevServer.renderToResponseWithComponentsImpl (C:\Users\ADMIN\Documents\Srinikc\AI Products\mymoney\node_modules\next\dist\server\base-server.js:1430:9)
    at async DevServer.renderPageComponent (C:\Users\ADMIN\Documents\Srinikc\AI Products\mymoney\node_modules\next\dist\server\base-server.js:1482:24)
    at async DevServer.renderToResponseImpl (C:\Users\ADMIN\Documents\Srinikc\AI Products\mymoney\node_modules\next\dist\server\base-server.js:1522:32)
    at async DevServer.pipeImpl (C:\Users\ADMIN\Documents\Srinikc\AI Products\mymoney\node_modules\next\dist\server\base-server.js:1026:25)
    at async NextNodeServer.handleCatchallRenderRequest (C:\Users\ADMIN\Documents\Srinikc\AI Products\mymoney\node_modules\next\dist\server\next-server.js:394:17)
    at async DevServer.handleRequestImpl (C:\Users\ADMIN\Documents\Srinikc\AI Products\mymoney\node_modules\next\dist\server\base-server.js:917:17)
    at async C:\Users\ADMIN\Documents\Srinikc\AI Products\mymoney\node_modules\next\dist\server\dev\next-dev-server.js:400:20
    at async Span.traceAsyncFn (C:\Users\ADMIN\Documents\Srinikc\AI Products\mymoney\node_modules\next\dist\trace\trace.js:157:20)
    at async DevServer.handleRequest (C:\Users\ADMIN\Documents\Srinikc\AI Products\mymoney\node_modules\next\dist\server\dev\next-dev-server.js:396:24)
    at async invokeRender (C:\Users\ADMIN\Documents\Srinikc\AI Products\mymoney\node_modules\next\dist\server\lib\router-server.js:240:21)
    at async handleRequest (C:\Users\ADMIN\Documents\Srinikc\AI Products\mymoney\node_modules\next\dist\server\lib\router-server.js:437:24)
    at async requestHandlerImpl (C:\Users\ADMIN\Documents\Srinikc\AI Products\mymoney\node_modules\next\dist\server\lib\router-server.js:485:13)
    at async Server.requestListener (C:\Users\ADMIN\Documents\Srinikc\AI Products\mymoney\node_modules\next\dist\server\lib\start-server.js:226:13)
 POST /api/auth/callback/credentials? 200 in 58ms
 GET /api/auth/session 200 in 47ms
 GET /login 200 in 98ms
 GET /api/auth/session 200 in 56ms
 GET /api/setup/status 200 in 71ms
 GET /api/auth/session 200 in 64ms
 GET /api/setup/status 200 in 50ms
 ○ Compiling /expenses ...
 ✓ Compiled /expenses in 1323ms (5022 modules)
 GET /expenses 200 in 1964ms
 GET /api/auth/session 200 in 179ms
 ○ Compiling /api/expenses/flagged ...
 ✓ Compiled /api/expenses/flagged in 2.5s (5044 modules)
 GET /api/categories 200 in 2807ms
 GET /api/profiles 200 in 2815ms
 GET /api/expenses?page=1&pageSize=100&sortField=date&sortDir=desc 200 in 2849ms
 GET /api/import-sessions 200 in 2854ms
 GET /api/expenses/flagged?pageSize=1 200 in 2805ms
 GET /api/auth/status 200 in 2869ms
 ○ Compiling /api/drive/list ...
 ✓ Compiled /api/drive/list in 4.5s (5050 modules)
 GET /expenses 200 in 3874ms
 GET /api/auth/session 200 in 79ms
 GET /api/categories 200 in 318ms
 GET /api/profiles 200 in 366ms
 GET /api/expenses?page=1&pageSize=100&sortField=date&sortDir=desc 200 in 379ms
 GET /api/import-sessions 200 in 346ms
 GET /api/auth/status 200 in 349ms
 GET /api/expenses/flagged?pageSize=1 200 in 351ms
 GET /api/bank-analysis/status 200 in 282ms
 GET /api/drive/list 401 in 259ms
 GET /api/auth/session 200 in 211ms
 GET /api/profiles 200 in 242ms
 GET /expenses 200 in 207ms
 GET /api/auth/session 200 in 64ms
 GET /api/categories 200 in 267ms
 GET /api/profiles 200 in 292ms
 GET /api/expenses?page=1&pageSize=100&sortField=date&sortDir=desc 200 in 330ms
 GET /api/import-sessions 200 in 333ms
 GET /api/auth/status 200 in 346ms
 GET /api/expenses/flagged?pageSize=1 200 in 347ms
 GET /api/auth/session 200 in 168ms
 GET /api/drive/list 200 in 239ms
 GET /api/profiles 200 in 203ms
 GET /api/bank-analysis/status 200 in 278ms
 GET /login?callbackUrl=%2F 200 in 119ms
 GET /login?callbackUrl=%2F 200 in 92ms
 GET /api/auth/csrf 200 in 60ms
 POST /api/auth/callback/credentials 302 in 163ms
 GET / 200 in 352ms
 GET /api/auth/session 200 in 95ms
 GET /api/profiles 200 in 270ms
 GET /api/expenses/years 200 in 304ms
 GET /api/net-worth 200 in 310ms
 GET /api/insights? 200 in 341ms
 GET /api/health-score 200 in 372ms
 GET /api/bank-accounts 200 in 217ms
 GET /api/cash-balance 200 in 225ms
 GET /api/profiles 200 in 199ms
 GET /api/auth/session 200 in 175ms
 ✓ Compiled in 1525ms (2359 modules)
 GET /login 200 in 126ms
 GET /api/auth/session 200 in 90ms
 GET /api/auth/session 200 in 192ms
 GET /setup 200 in 249ms
 GET /setup 200 in 217ms
 GET /setup 200 in 100ms
 GET /api/auth/session 200 in 54ms
 GET /api/auth/session 200 in 55ms
 GET /setup 200 in 81ms
 GET /api/auth/session 200 in 63ms
 GET /api/auth/session 200 in 45ms
 GET /setup 200 in 83ms
 GET /api/auth/session 200 in 53ms
 GET /api/auth/session 200 in 55ms
 GET /setup 200 in 91ms
 GET /api/auth/session 200 in 49ms
 GET /api/auth/session 200 in 44ms
 GET /setup 200 in 79ms
 GET /api/auth/session 200 in 110ms
 GET /api/setup/status 200 in 112ms
 GET /api/auth/session 200 in 91ms
 GET /login 200 in 118ms
 GET /api/setup/status 200 in 65ms
 GET /api/setup/status 200 in 46ms
 POST /api/setup/admin 400 in 38ms
 POST /api/setup/admin 400 in 44ms
 GET /login 200 in 86ms
 GET /api/auth/session 200 in 56ms
 GET /api/setup/status 200 in 63ms
 GET /api/auth/session 200 in 62ms
 GET /api/setup/status 200 in 54ms
 GET /login 200 in 80ms
 GET /api/auth/session 200 in 57ms
 GET /api/setup/status 200 in 85ms
 GET /api/auth/session 200 in 55ms
 GET /api/setup/status 200 in 41ms
 GET /api/auth/providers 200 in 60ms
 GET /api/auth/csrf 200 in 39ms
[31m[auth][error][0m CredentialsSignin: Read more at https://errors.authjs.dev#credentialssignin
    at Module.callback (webpack-internal:///(rsc)/./node_modules/@auth/core/lib/actions/callback/index.js:246:23)
    at async AuthInternal (webpack-internal:///(rsc)/./node_modules/@auth/core/lib/index.js:70:24)
    at async Auth (webpack-internal:///(rsc)/./node_modules/@auth/core/index.js:130:34)
    at async AppRouteRouteModule.do (C:\Users\ADMIN\Documents\Srinikc\AI Products\mymoney\node_modules\next\dist\compiled\next-server\app-route.runtime.dev.js:5:38696)
    at async AppRouteRouteModule.handle (C:\Users\ADMIN\Documents\Srinikc\AI Products\mymoney\node_modules\next\dist\compiled\next-server\app-route.runtime.dev.js:5:45978)
    at async responseGenerator (webpack-internal:///(rsc)/./node_modules/next/dist/build/webpack/loaders/next-app-loader/index.js?name=app%2Fapi%2Fauth%2F%5B...nextauth%5D%2Froute&page=%2Fapi%2Fauth%2F%5B...nextauth%5D%2Froute&appPaths=&pagePath=private-next-app-dir%2Fapi%2Fauth%2F%5B...nextauth%5D%2Froute.ts&appDir=C%3A%5CUsers%5CADMIN%5CDocuments%5CSrinikc%5CAI%20Products%5Cmymoney%5Csrc%5Capp&pageExtensions=tsx&pageExtensions=ts&pageExtensions=jsx&pageExtensions=js&rootDir=C%3A%5CUsers%5CADMIN%5CDocuments%5CSrinikc%5CAI%20Products%5Cmymoney&isDev=true&tsconfigPath=tsconfig.json&basePath=&assetPrefix=&nextConfigOutput=&preferredRegion=&middlewareConfig=e30%3D&isGlobalNotFoundEnabled=!:203:38)
    at async AppRouteRouteModule.handleResponse (C:\Users\ADMIN\Documents\Srinikc\AI Products\mymoney\node_modules\next\dist\compiled\next-server\app-route.runtime.dev.js:1:195304)
    at async handleResponse (webpack-internal:///(rsc)/./node_modules/next/dist/build/webpack/loaders/next-app-loader/index.js?name=app%2Fapi%2Fauth%2F%5B...nextauth%5D%2Froute&page=%2Fapi%2Fauth%2F%5B...nextauth%5D%2Froute&appPaths=&pagePath=private-next-app-dir%2Fapi%2Fauth%2F%5B...nextauth%5D%2Froute.ts&appDir=C%3A%5CUsers%5CADMIN%5CDocuments%5CSrinikc%5CAI%20Products%5Cmymoney%5Csrc%5Capp&pageExtensions=tsx&pageExtensions=ts&pageExtensions=jsx&pageExtensions=js&rootDir=C%3A%5CUsers%5CADMIN%5CDocuments%5CSrinikc%5CAI%20Products%5Cmymoney&isDev=true&tsconfigPath=tsconfig.json&basePath=&assetPrefix=&nextConfigOutput=&preferredRegion=&middlewareConfig=e30%3D&isGlobalNotFoundEnabled=!:265:32)
    at async handler (webpack-internal:///(rsc)/./node_modules/next/dist/build/webpack/loaders/next-app-loader/index.js?name=app%2Fapi%2Fauth%2F%5B...nextauth%5D%2Froute&page=%2Fapi%2Fauth%2F%5B...nextauth%5D%2Froute&appPaths=&pagePath=private-next-app-dir%2Fapi%2Fauth%2F%5B...nextauth%5D%2Froute.ts&appDir=C%3A%5CUsers%5CADMIN%5CDocuments%5CSrinikc%5CAI%20Products%5Cmymoney%5Csrc%5Capp&pageExtensions=tsx&pageExtensions=ts&pageExtensions=jsx&pageExtensions=js&rootDir=C%3A%5CUsers%5CADMIN%5CDocuments%5CSrinikc%5CAI%20Products%5Cmymoney&isDev=true&tsconfigPath=tsconfig.json&basePath=&assetPrefix=&nextConfigOutput=&preferredRegion=&middlewareConfig=e30%3D&isGlobalNotFoundEnabled=!:317:13)
    at async DevServer.renderToResponseWithComponentsImpl (C:\Users\ADMIN\Documents\Srinikc\AI Products\mymoney\node_modules\next\dist\server\base-server.js:1430:9)
    at async DevServer.renderPageComponent (C:\Users\ADMIN\Documents\Srinikc\AI Products\mymoney\node_modules\next\dist\server\base-server.js:1482:24)
    at async DevServer.renderToResponseImpl (C:\Users\ADMIN\Documents\Srinikc\AI Products\mymoney\node_modules\next\dist\server\base-server.js:1522:32)
    at async DevServer.pipeImpl (C:\Users\ADMIN\Documents\Srinikc\AI Products\mymoney\node_modules\next\dist\server\base-server.js:1026:25)
    at async NextNodeServer.handleCatchallRenderRequest (C:\Users\ADMIN\Documents\Srinikc\AI Products\mymoney\node_modules\next\dist\server\next-server.js:394:17)
    at async DevServer.handleRequestImpl (C:\Users\ADMIN\Documents\Srinikc\AI Products\mymoney\node_modules\next\dist\server\base-server.js:917:17)
    at async C:\Users\ADMIN\Documents\Srinikc\AI Products\mymoney\node_modules\next\dist\server\dev\next-dev-server.js:400:20
    at async Span.traceAsyncFn (C:\Users\ADMIN\Documents\Srinikc\AI Products\mymoney\node_modules\next\dist\trace\trace.js:157:20)
    at async DevServer.handleRequest (C:\Users\ADMIN\Documents\Srinikc\AI Products\mymoney\node_modules\next\dist\server\dev\next-dev-server.js:396:24)
    at async invokeRender (C:\Users\ADMIN\Documents\Srinikc\AI Products\mymoney\node_modules\next\dist\server\lib\router-server.js:240:21)
    at async handleRequest (C:\Users\ADMIN\Documents\Srinikc\AI Products\mymoney\node_modules\next\dist\server\lib\router-server.js:437:24)
    at async requestHandlerImpl (C:\Users\ADMIN\Documents\Srinikc\AI Products\mymoney\node_modules\next\dist\server\lib\router-server.js:485:13)
    at async Server.requestListener (C:\Users\ADMIN\Documents\Srinikc\AI Products\mymoney\node_modules\next\dist\server\lib\start-server.js:226:13)
 POST /api/auth/callback/credentials? 200 in 49ms
 GET /api/auth/session 200 in 58ms
 POST /api/setup/admin 400 in 42ms
 GET /setup 200 in 80ms
 GET /api/auth/session 200 in 60ms
 GET /api/auth/session 200 in 47ms
 GET /setup 200 in 87ms
 GET /api/auth/session 200 in 52ms
 GET /api/auth/session 200 in 44ms
 GET /assets 200 in 178ms
 GET /login?callbackUrl=%2F 200 in 93ms
 GET /api/bank-accounts 401 in 57ms
 GET /bank-accounts 200 in 152ms
 GET /api/auth/session 200 in 352ms
 GET /api/profiles 200 in 306ms
 GET /api/cash-balance 200 in 322ms
 GET /api/bank-accounts 200 in 330ms
 GET /api/auth/session 200 in 114ms
 GET /api/profiles 200 in 92ms
 GET / 200 in 124ms
 GET /api/bank-accounts/99999999 404 in 90ms
 GET /settings/bank-accounts 200 in 187ms
 GET /api/auth/session 200 in 64ms
 GET /api/profiles 200 in 114ms
 GET /api/bank-accounts 200 in 183ms
 GET /api/auth/session 200 in 127ms
 GET /api/profiles 200 in 78ms
 GET /bank-accounts 200 in 124ms
 GET /api/auth/session 200 in 58ms
 GET /api/profiles 200 in 160ms
 GET /api/bank-accounts 200 in 173ms
 GET /api/cash-balance 200 in 178ms
 GET /api/auth/session 200 in 89ms
 GET /api/profiles 200 in 88ms
 GET /settings/bank-accounts 200 in 52ms
 GET /api/bank-accounts 200 in 69ms
 GET /api/bank-accounts 200 in 81ms
 GET / 200 in 114ms
 GET /api/bank-accounts 200 in 63ms
 GET /bank-accounts 200 in 127ms
 GET /api/auth/session 200 in 74ms
 GET /api/profiles 200 in 152ms
 GET /api/bank-accounts 200 in 172ms
 GET /api/cash-balance 200 in 174ms
 GET /api/auth/session 200 in 93ms
 GET /api/profiles 200 in 84ms
 GET /bank-accounts 200 in 152ms
 GET /api/auth/session 200 in 57ms
 GET /api/profiles 200 in 126ms
 GET /api/bank-accounts 200 in 151ms
 GET /api/cash-balance 200 in 154ms
 GET /api/auth/session 200 in 115ms
 GET /api/profiles 200 in 75ms
 GET /settings/bank-accounts 200 in 134ms
 GET /api/auth/session 200 in 55ms
 GET /api/profiles 200 in 129ms
 GET /api/bank-accounts 200 in 150ms
 GET /api/auth/session 200 in 87ms
 GET /api/profiles 200 in 70ms
 POST /api/bank-accounts 201 in 60ms
 GET /api/bank-accounts 200 in 56ms
 GET /settings/bank-accounts 200 in 407ms
 GET /api/auth/session 200 in 71ms
 GET /api/profiles 200 in 109ms
 GET /api/bank-accounts 200 in 127ms
 GET /api/auth/session 200 in 74ms
 GET /api/profiles 200 in 87ms
 POST /api/bank-accounts 400 in 55ms
 GET /bank-accounts 200 in 135ms
 GET /api/auth/session 200 in 49ms
 GET /api/profiles 200 in 125ms
 GET /api/cash-balance 200 in 132ms
 GET /api/bank-accounts 200 in 134ms
 GET /api/auth/session 200 in 68ms
 GET /api/profiles 200 in 73ms
 GET /login?callbackUrl=%2F 200 in 81ms
 GET /api/bank-accounts 401 in 46ms
 GET /login 200 in 97ms
 GET /api/auth/session 200 in 49ms
 GET /api/setup/status 200 in 60ms
 GET /api/auth/session 200 in 70ms
 GET /api/setup/status 200 in 45ms
 GET /api/auth/providers 200 in 64ms
 GET /api/auth/csrf 200 in 39ms
[31m[auth][error][0m CredentialsSignin: Read more at https://errors.authjs.dev#credentialssignin
    at Module.callback (webpack-internal:///(rsc)/./node_modules/@auth/core/lib/actions/callback/index.js:246:23)
    at async AuthInternal (webpack-internal:///(rsc)/./node_modules/@auth/core/lib/index.js:70:24)
    at async Auth (webpack-internal:///(rsc)/./node_modules/@auth/core/index.js:130:34)
    at async AppRouteRouteModule.do (C:\Users\ADMIN\Documents\Srinikc\AI Products\mymoney\node_modules\next\dist\compiled\next-server\app-route.runtime.dev.js:5:38696)
    at async AppRouteRouteModule.handle (C:\Users\ADMIN\Documents\Srinikc\AI Products\mymoney\node_modules\next\dist\compiled\next-server\app-route.runtime.dev.js:5:45978)
    at async responseGenerator (webpack-internal:///(rsc)/./node_modules/next/dist/build/webpack/loaders/next-app-loader/index.js?name=app%2Fapi%2Fauth%2F%5B...nextauth%5D%2Froute&page=%2Fapi%2Fauth%2F%5B...nextauth%5D%2Froute&appPaths=&pagePath=private-next-app-dir%2Fapi%2Fauth%2F%5B...nextauth%5D%2Froute.ts&appDir=C%3A%5CUsers%5CADMIN%5CDocuments%5CSrinikc%5CAI%20Products%5Cmymoney%5Csrc%5Capp&pageExtensions=tsx&pageExtensions=ts&pageExtensions=jsx&pageExtensions=js&rootDir=C%3A%5CUsers%5CADMIN%5CDocuments%5CSrinikc%5CAI%20Products%5Cmymoney&isDev=true&tsconfigPath=tsconfig.json&basePath=&assetPrefix=&nextConfigOutput=&preferredRegion=&middlewareConfig=e30%3D&isGlobalNotFoundEnabled=!:203:38)
    at async AppRouteRouteModule.handleResponse (C:\Users\ADMIN\Documents\Srinikc\AI Products\mymoney\node_modules\next\dist\compiled\next-server\app-route.runtime.dev.js:1:195304)
    at async handleResponse (webpack-internal:///(rsc)/./node_modules/next/dist/build/webpack/loaders/next-app-loader/index.js?name=app%2Fapi%2Fauth%2F%5B...nextauth%5D%2Froute&page=%2Fapi%2Fauth%2F%5B...nextauth%5D%2Froute&appPaths=&pagePath=private-next-app-dir%2Fapi%2Fauth%2F%5B...nextauth%5D%2Froute.ts&appDir=C%3A%5CUsers%5CADMIN%5CDocuments%5CSrinikc%5CAI%20Products%5Cmymoney%5Csrc%5Capp&pageExtensions=tsx&pageExtensions=ts&pageExtensions=jsx&pageExtensions=js&rootDir=C%3A%5CUsers%5CADMIN%5CDocuments%5CSrinikc%5CAI%20Products%5Cmymoney&isDev=true&tsconfigPath=tsconfig.json&basePath=&assetPrefix=&nextConfigOutput=&preferredRegion=&middlewareConfig=e30%3D&isGlobalNotFoundEnabled=!:265:32)
    at async handler (webpack-internal:///(rsc)/./node_modules/next/dist/build/webpack/loaders/next-app-loader/index.js?name=app%2Fapi%2Fauth%2F%5B...nextauth%5D%2Froute&page=%2Fapi%2Fauth%2F%5B...nextauth%5D%2Froute&appPaths=&pagePath=private-next-app-dir%2Fapi%2Fauth%2F%5B...nextauth%5D%2Froute.ts&appDir=C%3A%5CUsers%5CADMIN%5CDocuments%5CSrinikc%5CAI%20Products%5Cmymoney%5Csrc%5Capp&pageExtensions=tsx&pageExtensions=ts&pageExtensions=jsx&pageExtensions=js&rootDir=C%3A%5CUsers%5CADMIN%5CDocuments%5CSrinikc%5CAI%20Products%5Cmymoney&isDev=true&tsconfigPath=tsconfig.json&basePath=&assetPrefix=&nextConfigOutput=&preferredRegion=&middlewareConfig=e30%3D&isGlobalNotFoundEnabled=!:317:13)
    at async DevServer.renderToResponseWithComponentsImpl (C:\Users\ADMIN\Documents\Srinikc\AI Products\mymoney\node_modules\next\dist\server\base-server.js:1430:9)
    at async DevServer.renderPageComponent (C:\Users\ADMIN\Documents\Srinikc\AI Products\mymoney\node_modules\next\dist\server\base-server.js:1482:24)
    at async DevServer.renderToResponseImpl (C:\Users\ADMIN\Documents\Srinikc\AI Products\mymoney\node_modules\next\dist\server\base-server.js:1522:32)
    at async DevServer.pipeImpl (C:\Users\ADMIN\Documents\Srinikc\AI Products\mymoney\node_modules\next\dist\server\base-server.js:1026:25)
    at async NextNodeServer.handleCatchallRenderRequest (C:\Users\ADMIN\Documents\Srinikc\AI Products\mymoney\node_modules\next\dist\server\next-server.js:394:17)
    at async DevServer.handleRequestImpl (C:\Users\ADMIN\Documents\Srinikc\AI Products\mymoney\node_modules\next\dist\server\base-server.js:917:17)
    at async C:\Users\ADMIN\Documents\Srinikc\AI Products\mymoney\node_modules\next\dist\server\dev\next-dev-server.js:400:20
    at async Span.traceAsyncFn (C:\Users\ADMIN\Documents\Srinikc\AI Products\mymoney\node_modules\next\dist\trace\trace.js:157:20)
    at async DevServer.handleRequest (C:\Users\ADMIN\Documents\Srinikc\AI Products\mymoney\node_modules\next\dist\server\dev\next-dev-server.js:396:24)
    at async invokeRender (C:\Users\ADMIN\Documents\Srinikc\AI Products\mymoney\node_modules\next\dist\server\lib\router-server.js:240:21)
    at async handleRequest (C:\Users\ADMIN\Documents\Srinikc\AI Products\mymoney\node_modules\next\dist\server\lib\router-server.js:437:24)
    at async requestHandlerImpl (C:\Users\ADMIN\Documents\Srinikc\AI Products\mymoney\node_modules\next\dist\server\lib\router-server.js:485:13)
    at async Server.requestListener (C:\Users\ADMIN\Documents\Srinikc\AI Products\mymoney\node_modules\next\dist\server\lib\start-server.js:226:13)
 POST /api/auth/callback/credentials? 200 in 44ms
 GET /api/auth/session 200 in 41ms
 GET /login 200 in 109ms
 GET /api/auth/session 200 in 83ms
 GET /api/setup/status 200 in 82ms
 GET /api/auth/session 200 in 76ms
 GET /api/setup/status 200 in 50ms
 GET /expenses 200 in 310ms
 GET /api/auth/session 200 in 74ms
 GET /api/categories 200 in 284ms
 GET /api/profiles 200 in 321ms
 GET /api/expenses?page=1&pageSize=100&sortField=date&sortDir=desc 200 in 343ms
 GET /api/import-sessions 200 in 346ms
 GET /api/auth/status 200 in 359ms
 GET /api/expenses/flagged?pageSize=1 200 in 361ms
 GET /api/bank-analysis/status 200 in 232ms
 GET /api/drive/list 401 in 213ms
 GET /api/profiles 200 in 166ms
 GET /api/auth/session 200 in 141ms
 GET /expenses 200 in 205ms
 GET /api/auth/session 200 in 75ms
 GET /api/categories 200 in 252ms
 GET /api/profiles 200 in 261ms
 GET /api/expenses?page=1&pageSize=100&sortField=date&sortDir=desc 200 in 277ms
 GET /api/import-sessions 200 in 253ms
 GET /api/auth/status 200 in 257ms
 GET /api/expenses/flagged?pageSize=1 200 in 259ms
 GET /api/bank-analysis/status 200 in 228ms
 GET /api/drive/list 401 in 228ms
 GET /api/profiles 200 in 207ms
 GET /api/auth/session 200 in 184ms
 GET /expenses 200 in 206ms
 GET /api/auth/session 200 in 65ms
 GET /api/categories 200 in 224ms
 GET /api/profiles 200 in 237ms
 GET /api/expenses?page=1&pageSize=100&sortField=date&sortDir=desc 200 in 253ms
 GET /api/import-sessions 200 in 214ms
 GET /api/expenses/flagged?pageSize=1 200 in 216ms
 GET /api/auth/status 200 in 260ms
 GET /api/bank-analysis/status 200 in 214ms
 GET /api/drive/list 401 in 208ms
 GET /api/auth/session 200 in 161ms
 GET /api/profiles 200 in 190ms
 ○ Compiling /goals ...
 ✓ Compiled /goals in 3.6s (5185 modules)
 GET /goals 200 in 4240ms
 GET /api/auth/session 200 in 152ms
 ○ Compiling /api/investments ...
 ✓ Compiled /api/investments in 2.4s (5189 modules)
 GET /api/profiles 200 in 2697ms
 GET /api/auth/session 200 in 2617ms
 GET /api/goals 200 in 2718ms
 GET /api/investments 200 in 2719ms
 GET /api/profiles 200 in 55ms
 GET /goals 200 in 449ms
 GET /api/auth/session 200 in 51ms
 GET /api/profiles 200 in 151ms
 GET /api/investments 200 in 159ms
 GET /api/goals 200 in 163ms
 GET /api/auth/session 200 in 84ms
 GET /api/profiles 200 in 69ms
 POST /api/goals 201 in 66ms
 GET /api/goals 200 in 88ms
 GET /api/investments 200 in 89ms
 ○ Compiling /_not-found ...
 ✓ Compiled /_not-found in 1248ms (5170 modules)
 GET /this-page-does-not-exist-12345 404 in 1555ms
 GET / 200 in 290ms
 GET /api/auth/session 200 in 152ms
 ○ Compiling /api/net-worth ...
 ✓ Compiled /api/net-worth in 1050ms (2752 modules)
 ✓ Compiled (2758 modules)
 GET /api/profiles 200 in 1866ms
 GET /api/expenses/years 200 in 1890ms
 GET /api/bank-accounts 200 in 1839ms
 GET /api/net-worth 200 in 1897ms
 GET /api/insights? 200 in 1911ms
 GET /api/health-score 200 in 1928ms
 GET /api/auth/session 200 in 522ms
 GET /api/cash-balance 200 in 540ms
 GET /api/profiles 200 in 538ms
 GET /expenses 200 in 601ms
 GET /api/auth/session 200 in 54ms
 GET /api/categories 200 in 225ms
 GET /api/profiles 200 in 250ms
 GET /api/expenses?page=1&pageSize=100&sortField=date&sortDir=desc 200 in 266ms
 GET /api/import-sessions 200 in 243ms
 GET /api/auth/status 200 in 246ms
 GET /api/expenses/flagged?pageSize=1 200 in 246ms
 GET /api/bank-analysis/status 200 in 186ms
 GET /api/drive/list 401 in 175ms
 GET /api/profiles 200 in 193ms
 GET /api/auth/session 200 in 192ms
 GET / 200 in 258ms
 GET /api/auth/session 200 in 139ms
 GET /api/profiles 200 in 238ms
 GET /api/expenses/years 200 in 269ms
 GET /api/net-worth 200 in 289ms
 GET /api/insights? 200 in 302ms
 GET /api/health-score 200 in 356ms
 GET /api/bank-accounts 200 in 208ms
 GET /api/auth/session 200 in 149ms
 GET /api/cash-balance 200 in 187ms
 GET /api/profiles 200 in 157ms
 GET /expenses 200 in 225ms
 GET /api/auth/session 200 in 65ms
 GET /api/categories 200 in 222ms
 GET /api/profiles 200 in 254ms
 GET /api/import-sessions 200 in 268ms
 GET /api/expenses?page=1&pageSize=100&sortField=date&sortDir=desc 200 in 273ms
 GET /api/auth/status 200 in 281ms
 GET /api/expenses/flagged?pageSize=1 200 in 266ms
 GET /api/bank-analysis/status 200 in 192ms
 GET /api/drive/list 401 in 183ms
 GET /api/profiles 200 in 154ms
 GET /api/auth/session 200 in 137ms
 ○ Compiling /budgets ...
 ✓ Compiled /budgets in 2.3s (5194 modules)
 GET /budgets 200 in 2672ms
 GET /api/auth/session 200 in 80ms
 ○ Compiling /api/budgets/overview ...
 ✓ Compiled /api/budgets/overview in 1673ms (5196 modules)
 GET /api/categories?include=subCategories 200 in 1825ms
 GET /api/profiles 200 in 1874ms
 GET /api/auth/session 200 in 1706ms
 GET /api/budgets/overview?month=8&year=2026 200 in 1918ms
 GET /api/profiles 200 in 74ms
 GET /budgets 200 in 315ms
 GET /api/auth/session 200 in 65ms
 GET /api/categories?include=subCategories 200 in 137ms
 GET /api/profiles 200 in 144ms
 GET /api/budgets/overview?month=8&year=2026 200 in 185ms
 GET /api/auth/session 200 in 110ms
 GET /api/profiles 200 in 84ms
 POST /api/categories 201 in 64ms
 GET /api/categories 200 in 39ms
 GET /api/categories 200 in 43ms
 ○ Compiling /api/budgets ...
 ✓ Compiled /api/budgets in 1404ms (5199 modules)
 POST /api/budgets 201 in 1562ms
 GET /api/categories?include=subCategories 200 in 45ms
 GET /api/budgets/overview?month=8&year=2026 200 in 81ms
 ○ Compiling /api/income/summary ...
 ✓ Compiled /api/income/summary in 939ms (5201 modules)
 GET /api/income/summary?month=6&year=2026 200 in 1039ms
 POST /api/categories 201 in 53ms
 ○ Compiling /api/budgets/repeat ...
 ✓ Compiled /api/budgets/repeat in 946ms (5203 modules)
 POST /api/budgets/repeat 200 in 1062ms
 POST /api/budgets/repeat 200 in 58ms
 GET /api/budgets?month=9&year=2026 200 in 80ms
 DELETE /api/budgets?id=23 200 in 41ms
 GET /api/budgets?month=10&year=2026 200 in 56ms
 DELETE /api/budgets?id=24 200 in 45ms
 GET /budgets 200 in 311ms
 GET /api/auth/session 200 in 60ms
 GET /api/categories?include=subCategories 200 in 141ms
 GET /api/profiles 200 in 144ms
 GET /api/budgets/overview?month=8&year=2026 200 in 179ms
 GET /api/auth/session 200 in 114ms
 GET /api/profiles 200 in 99ms
 GET /budgets 200 in 189ms
 GET /api/auth/session 200 in 66ms
 GET /api/categories?include=subCategories 200 in 140ms
 GET /api/profiles 200 in 143ms
 GET /api/budgets/overview?month=8&year=2026 200 in 202ms
 GET /api/auth/session 200 in 110ms
 GET /api/profiles 200 in 82ms
 GET /budgets 200 in 207ms
 GET /api/auth/session 200 in 62ms
 GET /api/categories?include=subCategories 200 in 156ms
 GET /api/profiles 200 in 159ms
 GET /api/budgets/overview?month=8&year=2026 200 in 207ms
 GET /api/auth/session 200 in 107ms
 GET /api/profiles 200 in 89ms
 ○ Compiling /reminders ...
 ✓ Compiled /reminders in 1062ms (5201 modules)
 GET /reminders 200 in 1432ms
 GET /api/auth/session 200 in 85ms
 ○ Compiling /api/reminders ...
 ✓ Compiled /api/reminders in 1644ms (5203 modules)
 GET /api/categories 200 in 1803ms
 GET /api/profiles 200 in 1855ms
 GET /api/auth/session 200 in 1737ms
 GET /api/reminders?type=upcoming 200 in 1865ms
 GET /api/profiles 200 in 56ms
 GET /reminders 200 in 316ms
 GET /api/auth/session 200 in 54ms
 GET /api/categories 200 in 190ms
 GET /api/reminders?type=upcoming 200 in 194ms
 GET /api/profiles 200 in 205ms
 GET /api/auth/session 200 in 72ms
 GET /api/profiles 200 in 70ms
 GET /reminders 200 in 198ms
 GET /api/auth/session 200 in 54ms
 GET /api/reminders?type=upcoming 200 in 140ms
 GET /api/categories 200 in 142ms
 GET /api/profiles 200 in 158ms
 GET /api/auth/session 200 in 84ms
 GET /api/profiles 200 in 84ms
 GET /reminders 200 in 165ms
 GET /api/auth/session 200 in 64ms
 GET /api/reminders?type=upcoming 200 in 127ms
 GET /api/categories 200 in 131ms
 GET /api/profiles 200 in 146ms
 GET /api/auth/session 200 in 87ms
 GET /api/profiles 200 in 73ms
 GET /api/reminders?type=completed 200 in 99ms
 GET /api/categories 200 in 100ms
 ○ Compiling /deals ...
 ✓ Compiled /deals in 997ms (5212 modules)
 GET /deals 200 in 1332ms
 GET /api/auth/session 200 in 96ms
 ○ Compiling /api/deals ...
 GET /api/profiles 200 in 849ms
 ✓ Compiled /assets in 2.5s (5228 modules)
 GET /assets 200 in 2830ms
 ○ Compiling /investments ...
 ✓ Compiled /investments in 11.5s (5239 modules)
 GET /investments 200 in 12288ms
 GET /api/auth/session 200 in 104ms
 ○ Compiling /api/investments ...
 GET /api/profiles 200 in 708ms
 ✓ Compiled /net-worth in 1425ms (2755 modules)
 ✓ Compiled in 6.6s (2438 modules)
 GET /net-worth 200 in 9245ms
 GET /api/auth/session 200 in 134ms
 ○ Compiling /api/net-worth ...
 GET /api/assets 200 in 1862ms
 GET /api/profiles 200 in 1863ms
 ✓ Compiled /api/net-worth in 5.2s (5203 modules)
 GET /net-worth 200 in 3953ms
 GET /api/auth/session 200 in 123ms
 GET /api/profiles 200 in 376ms
 GET /api/assets 200 in 416ms
 GET /api/liabilities 200 in 419ms
 GET /api/net-worth 200 in 429ms
 GET /api/auth/session 200 in 187ms
 GET /api/profiles 200 in 154ms
 GET / 200 in 486ms
 GET /api/auth/session 200 in 151ms
 ○ Compiling /api/bank-accounts ...
 ✓ Compiled /api/bank-accounts in 3.1s (2759 modules)
 GET /api/profiles 200 in 4353ms
 GET /api/net-worth 200 in 4352ms
 ✓ Compiled (2765 modules)
 GET / 200 in 1098ms
 GET /api/auth/session 200 in 169ms
 GET /api/profiles 200 in 530ms
 GET /api/expenses/years 200 in 557ms
 GET /api/net-worth 200 in 581ms
 GET /api/bank-accounts 200 in 590ms
 GET /api/health-score 200 in 885ms
 ○ Compiling /api/cash-balance ...
 ✓ Compiled /api/cash-balance in 1793ms (2767 modules)
 ✓ Compiled in 1ms (2767 modules)
 ✓ Compiled in 1ms (2767 modules)
 ✓ Compiled in 0ms (2767 modules)
 GET / 200 in 5660ms
 GET /api/bank-accounts 200 in 526ms
 GET /api/profiles 200 in 577ms
 GET /api/health-score 200 in 577ms
 GET /api/net-worth 200 in 577ms
 GET /api/auth/session 200 in 541ms
 GET /api/expenses/years 200 in 579ms
 ○ Compiling /reports ...
 ✓ Compiled /reports in 19.6s (5587 modules)
 GET /reports 200 in 20361ms
 GET /reports 200 in 284ms
 GET /api/auth/session 200 in 189ms
 ○ Compiling /api/reports/recurrence ...
 GET /api/profiles 200 in 2303ms
 GET /api/expenses/years 200 in 2302ms
 GET /api/insights?year=2026 200 in 2303ms
 ✓ Compiled /api/reports/recurrence in 2.2s (1987 modules)
 ✓ Compiled in 3.6s (4624 modules)
 GET /reports 200 in 5984ms
 GET /api/auth/session 200 in 115ms
 GET /api/categories 200 in 317ms
 GET /api/profiles 200 in 384ms
 GET /api/expenses/years 200 in 427ms
 GET /api/expenses?year=2026&pageSize=500 200 in 434ms
 GET /api/insights?year=2026 200 in 454ms
 GET /api/reports/recurrence?year=2026 200 in 415ms
 GET /api/auth/session 200 in 138ms
 GET /api/profiles 200 in 145ms
 GET /reports 200 in 194ms
 GET /api/auth/session 200 in 113ms
 GET /api/categories 200 in 262ms
 GET /api/profiles 200 in 311ms
 GET /api/expenses/years 200 in 379ms
 GET /api/expenses?year=2026&pageSize=500 200 in 381ms
 GET /api/reports/recurrence?year=2026 200 in 384ms
 GET /api/profiles 200 in 341ms
 GET /api/auth/session 200 in 79ms
 GET /reports 200 in 205ms
 GET /api/auth/session 200 in 98ms
 GET /api/categories 200 in 297ms
 GET /api/profiles 200 in 337ms
 GET /api/expenses/years 200 in 362ms
 GET /api/expenses?year=2026&pageSize=500 200 in 364ms
 GET /api/insights?year=2026 200 in 396ms
 GET /api/reports/recurrence?year=2026 200 in 224ms
 GET /api/auth/session 200 in 137ms
 GET /api/profiles 200 in 141ms
 GET /reports 200 in 215ms
 GET /api/auth/session 200 in 268ms
 GET /api/categories 200 in 284ms
 GET /api/profiles 200 in 301ms
 GET /api/expenses/years 200 in 323ms
 GET /api/expenses?year=2026&pageSize=500 200 in 328ms
 GET /api/insights?year=2026 200 in 352ms
 GET /api/auth/session 200 in 207ms
 GET /api/reports/recurrence?year=2026 200 in 239ms
 GET /api/profiles 200 in 184ms
 GET /reports 200 in 214ms
 GET /api/auth/session 200 in 83ms
 GET /api/categories 200 in 284ms
 GET /api/profiles 200 in 316ms
 GET /api/expenses/years 200 in 336ms
 GET /api/expenses?year=2026&pageSize=500 200 in 341ms
 GET /api/reports/recurrence?year=2026 200 in 316ms
 GET /api/insights?year=2026 200 in 362ms
 GET /api/auth/session 200 in 122ms
 GET /api/profiles 200 in 127ms
 ○ Compiling /api/admin/db-mode ...
 ✓ Compiled /api/admin/db-mode in 2.3s (4609 modules)
 GET /api/admin/db-mode 403 in 2433ms
 PUT /api/admin/db-mode 403 in 75ms
 ○ Compiling /login ...
 ✓ Compiled /login in 738ms (1982 modules)
 GET /login 200 in 1176ms
 GET /api/auth/session 200 in 106ms
 ○ Compiling /api/setup/status ...
 ✓ Compiled /api/setup/status in 1772ms (1984 modules)
 GET /api/setup/status 200 in 2665ms
 GET /api/auth/session 200 in 2607ms
 GET /api/setup/status 200 in 72ms
 GET /api/auth/providers 200 in 72ms
 GET /api/auth/csrf 200 in 74ms
 POST /api/auth/callback/credentials? 200 in 204ms
 GET /api/auth/session 200 in 70ms
 GET / 200 in 125ms
 GET /api/admin/db-mode 403 in 178ms
 GET /api/profiles 200 in 134ms
 GET /api/net-worth 200 in 133ms
 GET /api/insights? 200 in 133ms
 GET /api/health-score 200 in 170ms
 GET /api/bank-accounts 200 in 170ms
 GET /api/expenses/years 200 in 170ms
 GET /login 200 in 280ms
 GET /api/auth/session 200 in 77ms
 GET /api/setup/status 200 in 88ms
 GET /api/auth/session 200 in 91ms
 GET /api/setup/status 200 in 65ms
 GET /api/auth/providers 200 in 59ms
 GET /api/auth/csrf 200 in 58ms
 POST /api/auth/callback/credentials? 200 in 186ms
 GET /api/auth/session 200 in 69ms
 GET / 200 in 98ms
 PUT /api/admin/db-mode 403 in 153ms
 GET /api/profiles 200 in 100ms
 GET /login 200 in 158ms
 GET /api/auth/session 200 in 87ms
 GET /api/setup/status 200 in 102ms
 GET /api/auth/session 200 in 90ms
 GET /api/setup/status 200 in 69ms
 GET /api/auth/providers 200 in 66ms
 GET /api/auth/csrf 200 in 70ms
 POST /api/auth/callback/credentials? 200 in 204ms
 GET /api/auth/session 200 in 79ms
 GET / 200 in 73ms
 ○ Compiling /settings ...
 ✓ Compiled /settings in 6.3s (4634 modules)
 ⚠ Fast Refresh had to perform a full reload. Read more: https://nextjs.org/docs/messages/fast-refresh-reload
 GET /api/health-score 200 in 7005ms
 GET /api/insights? 200 in 7006ms
 GET /api/profiles 200 in 7007ms
 GET /api/net-worth 200 in 7006ms
 GET /api/expenses/years 200 in 7007ms
 GET /settings 200 in 7138ms
 GET /login 200 in 155ms
 GET /api/auth/session 200 in 96ms
 GET /api/setup/status 200 in 113ms
 GET /api/auth/session 200 in 116ms
 GET /api/setup/status 200 in 67ms
 GET /api/auth/providers 200 in 71ms
 GET /api/auth/csrf 200 in 69ms
 POST /api/auth/callback/credentials? 200 in 219ms
 GET /api/auth/session 200 in 96ms
 GET / 200 in 134ms
 GET /api/expenses/years 200 in 443ms
 GET /api/insights? 200 in 444ms
 GET /api/profiles 200 in 444ms
 GET /api/health-score 200 in 444ms
 GET /api/net-worth 200 in 443ms
 GET /settings 200 in 812ms
 GET /api/auth/session 200 in 106ms
 GET /api/profiles 200 in 107ms
 ○ Compiling /api/auth/status ...
 ✓ Compiled /api/auth/status in 1134ms (1995 modules)
 GET /api/admin/db-mode 200 in 1473ms
 PUT /api/admin/db-mode 200 in 141ms
 GET /api/admin/db-mode 200 in 107ms
 PUT /api/admin/db-mode 200 in 126ms
 GET /api/admin/db-mode 200 in 82ms
 PUT /api/admin/db-mode 400 in 66ms
 GET /api/admin/db-mode 200 in 87ms
 ○ Compiling /settings/database ...
 ✓ Compiled /settings/database in 3.8s (4646 modules)
 GET /settings/database 200 in 4265ms
 GET / 200 in 499ms
 GET /api/profiles 200 in 426ms
 GET /api/auth/session 200 in 400ms
 GET /api/expenses/years 200 in 456ms
 GET /api/net-worth 200 in 422ms
 GET /api/insights? 200 in 497ms
 GET /api/health-score 200 in 530ms
 ○ Compiling /api/cash-balance ...
 ✓ Compiled /api/cash-balance in 1153ms (2004 modules)
 GET /api/bank-accounts 200 in 1536ms
 GET /api/profiles 200 in 1534ms
 ✓ Compiled /expenses in 1ms (2004 modules)
 ✓ Compiled in 1ms (2972 modules)
 GET /expenses 200 in 5022ms
 GET /api/auth/session 200 in 96ms
 ○ Compiling /api/expenses/flagged ...
 ✓ Compiled /api/expenses/flagged in 1023ms (2974 modules)
 ✓ Compiled (2976 modules)
 GET /api/expenses?page=1&pageSize=100&sortField=date&sortDir=desc 200 in 2322ms
 GET /api/expenses/flagged?pageSize=1 200 in 2286ms
 GET /api/profiles 200 in 2324ms
 GET /api/import-sessions 200 in 2286ms
 GET /api/categories 200 in 2323ms
 GET /api/auth/status 200 in 2288ms
 GET /expenses 200 in 639ms
 GET /api/auth/session 200 in 97ms
 GET /api/categories 200 in 327ms
 GET /api/profiles 200 in 357ms
 GET /api/expenses?page=1&pageSize=100&sortField=date&sortDir=desc 200 in 375ms
 GET /api/import-sessions 200 in 377ms
 GET /api/auth/status 200 in 383ms
 GET /api/expenses/flagged?pageSize=1 200 in 364ms
 ○ Compiling /api/drive/list ...
 ✓ Compiled /api/drive/list in 1155ms (2978 modules)
 ✓ Compiled (2982 modules)
 GET /api/auth/session 200 in 2438ms
 GET /api/profiles 200 in 2499ms
 GET /api/drive/list 200 in 2549ms
 GET /api/bank-analysis/status 200 in 2583ms
 GET /goals 200 in 586ms
 GET /api/auth/session 200 in 111ms
 ○ Compiling /api/investments ...
 GET /api/profiles 200 in 2650ms
 ✓ Compiled /api/investments in 2.6s (2984 modules)
 ✓ Compiled in 1ms (2986 modules)
 ✓ Compiled in 1ms (2986 modules)
 ✓ Compiled in 1ms (2986 modules)
 GET /goals 200 in 6107ms
 GET /api/auth/session 200 in 101ms
 GET /api/profiles 200 in 225ms
 GET /api/goals 200 in 259ms
 GET /api/investments 200 in 263ms
 GET /api/auth/session 200 in 164ms
 GET /api/profiles 200 in 102ms
 ○ Compiling /income ...
 ✓ Compiled /income in 2.6s (5639 modules)
 GET /income 200 in 3179ms
 GET /api/auth/session 200 in 144ms
 ○ Compiling /api/income/sources ...
 GET /api/profiles 200 in 2331ms
 ✓ Compiled /loans in 2.8s (5642 modules)
 ✓ Compiled in 1436ms (2653 modules)
 GET /loans 200 in 2501ms
 GET /api/auth/session 200 in 97ms
 ○ Compiling /api/loans ...
 GET /api/profiles 200 in 1283ms
 ✓ Compiled /insurance in 2.6s (5657 modules)
 ✓ Compiled in 1424ms (2656 modules)
 GET /insurance 200 in 3428ms
 GET /api/auth/session 200 in 85ms
 ○ Compiling /api/insurance ...
 GET /api/profiles 200 in 792ms
 ✓ Compiled /tax in 4.9s (5679 modules)
 GET /tax 200 in 4709ms
 GET /api/auth/session 200 in 86ms
 ○ Compiling /api/tax/summary ...
 GET /api/profiles 200 in 2950ms
 ✓ Compiled /api/tax/itr in 2.9s (5681 modules)
 ○ Compiling /api/expenses/[id] ...
 ✓ Compiled /api/expenses/[id] in 3s (5685 modules)
 GET /api/expenses/99999999 405 in 4141ms
 POST /api/expenses 400 in 83ms
 GET /goals 200 in 458ms
 GET /api/auth/session 200 in 95ms
 GET /api/profiles 200 in 217ms
 GET /api/goals 200 in 241ms
 GET /api/investments 200 in 244ms
 GET /api/auth/session 200 in 121ms
 GET /api/profiles 200 in 87ms
 POST /api/goals 201 in 73ms
 GET /api/goals 200 in 114ms
 GET /api/investments 200 in 117ms
 GET /login 200 in 162ms
 GET /api/auth/session 200 in 1100ms
 GET /api/setup/status 200 in 822ms
 GET /api/auth/session 200 in 116ms
 GET /api/setup/status 200 in 126ms
 GET /api/auth/providers 200 in 60ms
 GET /api/auth/csrf 200 in 79ms
[31m[auth][error][0m CredentialsSignin: Read more at https://errors.authjs.dev#credentialssignin
    at Module.callback (webpack-internal:///(rsc)/./node_modules/@auth/core/lib/actions/callback/index.js:246:23)
    at async AuthInternal (webpack-internal:///(rsc)/./node_modules/@auth/core/lib/index.js:70:24)
    at async Auth (webpack-internal:///(rsc)/./node_modules/@auth/core/index.js:130:34)
    at async AppRouteRouteModule.do (C:\Users\ADMIN\Documents\Srinikc\AI Products\mymoney\node_modules\next\dist\compiled\next-server\app-route.runtime.dev.js:5:38696)
    at async AppRouteRouteModule.handle (C:\Users\ADMIN\Documents\Srinikc\AI Products\mymoney\node_modules\next\dist\compiled\next-server\app-route.runtime.dev.js:5:45978)
    at async responseGenerator (webpack-internal:///(rsc)/./node_modules/next/dist/build/webpack/loaders/next-app-loader/index.js?name=app%2Fapi%2Fauth%2F%5B...nextauth%5D%2Froute&page=%2Fapi%2Fauth%2F%5B...nextauth%5D%2Froute&appPaths=&pagePath=private-next-app-dir%2Fapi%2Fauth%2F%5B...nextauth%5D%2Froute.ts&appDir=C%3A%5CUsers%5CADMIN%5CDocuments%5CSrinikc%5CAI%20Products%5Cmymoney%5Csrc%5Capp&pageExtensions=tsx&pageExtensions=ts&pageExtensions=jsx&pageExtensions=js&rootDir=C%3A%5CUsers%5CADMIN%5CDocuments%5CSrinikc%5CAI%20Products%5Cmymoney&isDev=true&tsconfigPath=tsconfig.json&basePath=&assetPrefix=&nextConfigOutput=&preferredRegion=&middlewareConfig=e30%3D&isGlobalNotFoundEnabled=!:203:38)
    at async AppRouteRouteModule.handleResponse (C:\Users\ADMIN\Documents\Srinikc\AI Products\mymoney\node_modules\next\dist\compiled\next-server\app-route.runtime.dev.js:1:195304)
    at async handleResponse (webpack-internal:///(rsc)/./node_modules/next/dist/build/webpack/loaders/next-app-loader/index.js?name=app%2Fapi%2Fauth%2F%5B...nextauth%5D%2Froute&page=%2Fapi%2Fauth%2F%5B...nextauth%5D%2Froute&appPaths=&pagePath=private-next-app-dir%2Fapi%2Fauth%2F%5B...nextauth%5D%2Froute.ts&appDir=C%3A%5CUsers%5CADMIN%5CDocuments%5CSrinikc%5CAI%20Products%5Cmymoney%5Csrc%5Capp&pageExtensions=tsx&pageExtensions=ts&pageExtensions=jsx&pageExtensions=js&rootDir=C%3A%5CUsers%5CADMIN%5CDocuments%5CSrinikc%5CAI%20Products%5Cmymoney&isDev=true&tsconfigPath=tsconfig.json&basePath=&assetPrefix=&nextConfigOutput=&preferredRegion=&middlewareConfig=e30%3D&isGlobalNotFoundEnabled=!:265:32)
    at async handler (webpack-internal:///(rsc)/./node_modules/next/dist/build/webpack/loaders/next-app-loader/index.js?name=app%2Fapi%2Fauth%2F%5B...nextauth%5D%2Froute&page=%2Fapi%2Fauth%2F%5B...nextauth%5D%2Froute&appPaths=&pagePath=private-next-app-dir%2Fapi%2Fauth%2F%5B...nextauth%5D%2Froute.ts&appDir=C%3A%5CUsers%5CADMIN%5CDocuments%5CSrinikc%5CAI%20Products%5Cmymoney%5Csrc%5Capp&pageExtensions=tsx&pageExtensions=ts&pageExtensions=jsx&pageExtensions=js&rootDir=C%3A%5CUsers%5CADMIN%5CDocuments%5CSrinikc%5CAI%20Products%5Cmymoney&isDev=true&tsconfigPath=tsconfig.json&basePath=&assetPrefix=&nextConfigOutput=&preferredRegion=&middlewareConfig=e30%3D&isGlobalNotFoundEnabled=!:317:13)
    at async DevServer.renderToResponseWithComponentsImpl (C:\Users\ADMIN\Documents\Srinikc\AI Products\mymoney\node_modules\next\dist\server\base-server.js:1430:9)
    at async DevServer.renderPageComponent (C:\Users\ADMIN\Documents\Srinikc\AI Products\mymoney\node_modules\next\dist\server\base-server.js:1482:24)
    at async DevServer.renderToResponseImpl (C:\Users\ADMIN\Documents\Srinikc\AI Products\mymoney\node_modules\next\dist\server\base-server.js:1522:32)
    at async DevServer.pipeImpl (C:\Users\ADMIN\Documents\Srinikc\AI Products\mymoney\node_modules\next\dist\server\base-server.js:1026:25)
    at async NextNodeServer.handleCatchallRenderRequest (C:\Users\ADMIN\Documents\Srinikc\AI Products\mymoney\node_modules\next\dist\server\next-server.js:394:17)
    at async DevServer.handleRequestImpl (C:\Users\ADMIN\Documents\Srinikc\AI Products\mymoney\node_modules\next\dist\server\base-server.js:917:17)
    at async C:\Users\ADMIN\Documents\Srinikc\AI Products\mymoney\node_modules\next\dist\server\dev\next-dev-server.js:400:20
    at async Span.traceAsyncFn (C:\Users\ADMIN\Documents\Srinikc\AI Products\mymoney\node_modules\next\dist\trace\trace.js:157:20)
    at async DevServer.handleRequest (C:\Users\ADMIN\Documents\Srinikc\AI Products\mymoney\node_modules\next\dist\server\dev\next-dev-server.js:396:24)
    at async invokeRender (C:\Users\ADMIN\Documents\Srinikc\AI Products\mymoney\node_modules\next\dist\server\lib\router-server.js:240:21)
    at async handleRequest (C:\Users\ADMIN\Documents\Srinikc\AI Products\mymoney\node_modules\next\dist\server\lib\router-server.js:437:24)
    at async requestHandlerImpl (C:\Users\ADMIN\Documents\Srinikc\AI Products\mymoney\node_modules\next\dist\server\lib\router-server.js:485:13)
    at async Server.requestListener (C:\Users\ADMIN\Documents\Srinikc\AI Products\mymoney\node_modules\next\dist\server\lib\start-server.js:226:13)
 POST /api/auth/callback/credentials? 200 in 81ms
 GET /api/auth/session 200 in 74ms
 GET /api/expenses?pageSize=1 200 in 90ms
 ○ Compiling /api/budgets ...
 ✓ Compiled /api/budgets in 1059ms (2995 modules)
 GET /api/budgets 200 in 1241ms
 GET /api/goals 200 in 90ms
 GET /api/investments 200 in 73ms
 GET /api/income/sources 200 in 110ms
 ○ Compiling /_not-found ...
 ✓ Compiled /_not-found in 1487ms (5660 modules)
 GET /nonexistent-route-xyz 404 in 1847ms
 GET /expenses 200 in 407ms
 GET /api/auth/session 200 in 126ms
 GET /api/categories 200 in 334ms
 GET /api/profiles 200 in 370ms
 GET /api/expenses?page=1&pageSize=100&sortField=date&sortDir=desc 200 in 394ms
 GET /api/import-sessions 200 in 399ms
 GET /api/auth/status 200 in 403ms
 GET /api/expenses/flagged?pageSize=1 200 in 386ms
 GET /api/bank-analysis/status 200 in 283ms
 GET /api/drive/list 401 in 295ms
 GET /api/auth/session 200 in 222ms
 GET /api/profiles 200 in 245ms
 GET /expenses 200 in 309ms
 GET /api/auth/session 200 in 76ms
 GET /api/categories 200 in 271ms
 GET /api/profiles 200 in 305ms
 GET /api/expenses?page=1&pageSize=100&sortField=date&sortDir=desc 200 in 327ms
 GET /api/expenses/flagged?pageSize=1 200 in 331ms
 GET /api/auth/status 200 in 334ms
 GET /api/import-sessions 200 in 336ms
 GET /api/bank-analysis/status 200 in 253ms
 GET /api/drive/list 401 in 240ms
 GET /api/auth/session 200 in 179ms
 GET /api/profiles 200 in 212ms
 POST /api/expenses 201 in 101ms
 GET /api/categories 200 in 119ms
 GET /api/expenses?page=1&pageSize=100&sortField=date&sortDir=desc 200 in 128ms
 GET /expenses 200 in 1393ms
 GET /api/auth/session 200 in 95ms
 GET /api/categories 200 in 306ms
 GET /api/profiles 200 in 339ms
 GET /api/expenses?page=1&pageSize=100&sortField=date&sortDir=desc 200 in 361ms
 GET /api/auth/status 200 in 374ms
 GET /api/import-sessions 200 in 376ms
 GET /api/expenses/flagged?pageSize=1 200 in 350ms
 GET /api/bank-analysis/status 200 in 280ms
 GET /api/drive/list 401 in 286ms
 GET /api/auth/session 200 in 209ms
 GET /api/profiles 200 in 214ms
 GET /expenses 200 in 322ms
 GET /api/auth/session 200 in 98ms
 GET /api/categories 200 in 286ms
 GET /api/profiles 200 in 310ms
 GET /api/expenses?page=1&pageSize=100&sortField=date&sortDir=desc 200 in 330ms
 GET /api/import-sessions 200 in 333ms
 GET /api/expenses/flagged?pageSize=1 200 in 334ms
 GET /api/auth/status 200 in 338ms
 GET /api/bank-analysis/status 200 in 265ms
 GET /api/drive/list 401 in 251ms
 GET /api/auth/session 200 in 174ms
 GET /api/profiles 200 in 227ms
 GET /api/auth/session 200 in 74ms
 GET /api/auth/session 200 in 94ms
 GET /api/auth/session 200 in 995ms
 GET /api/auth/session 200 in 144ms
 GET /api/auth/csrf 200 in 88ms
 POST /api/auth/callback/credentials 302 in 201ms
 GET / 200 in 428ms
 GET / 200 in 186ms
 GET /api/auth/session 200 in 84ms
 ○ Compiling /api/bank-accounts ...
 ✓ Compiled /api/bank-accounts in 1233ms (2983 modules)
 ✓ Compiled (2991 modules)
 GET /api/profiles 200 in 2549ms
 GET /api/net-worth 200 in 2586ms
 GET /api/expenses/years 200 in 2590ms
 GET /api/bank-accounts 200 in 2516ms
 GET /api/insights? 200 in 2625ms
 GET /api/health-score 200 in 2636ms
 ○ Compiling /api/cash-balance ...
 ✓ Compiled /api/cash-balance in 1044ms (2993 modules)
 GET /api/profiles 200 in 3916ms
 GET /api/auth/session 200 in 3899ms
 GET /api/cash-balance 200 in 3916ms
 GET /expenses 200 in 4107ms
 GET /api/auth/session 200 in 86ms
 GET /api/categories 200 in 355ms
 GET /api/profiles 200 in 380ms
 GET /api/expenses?page=1&pageSize=100&sortField=date&sortDir=desc 200 in 400ms
 GET /api/import-sessions 200 in 407ms
 GET /api/expenses/flagged?pageSize=1 200 in 376ms
 GET /api/auth/status 200 in 413ms
 GET /api/bank-analysis/status 200 in 278ms
 GET /api/drive/list 401 in 271ms
 GET /api/profiles 200 in 263ms
 GET /api/auth/session 200 in 251ms
 GET /api/auth/csrf 200 in 74ms
 POST /api/auth/callback/credentials 302 in 195ms
 GET / 200 in 340ms
 GET / 200 in 184ms
 GET /api/auth/session 200 in 82ms
 GET /api/profiles 200 in 379ms
 GET /api/expenses/years 200 in 401ms
 GET /api/net-worth 200 in 408ms
 GET /api/insights? 200 in 434ms
 GET /api/bank-accounts 200 in 404ms
 GET /api/health-score 200 in 449ms
 GET /api/auth/session 200 in 156ms
 GET /api/cash-balance 200 in 191ms
 GET /api/profiles 200 in 194ms
 GET /expenses 200 in 280ms
 GET /api/auth/session 200 in 84ms
 GET /api/categories 200 in 264ms
 GET /api/profiles 200 in 291ms
 GET /api/expenses?page=1&pageSize=100&sortField=date&sortDir=desc 200 in 309ms
 GET /api/import-sessions 200 in 283ms
 GET /api/auth/status 200 in 336ms
 GET /api/expenses/flagged?pageSize=1 200 in 309ms
 GET /api/bank-analysis/status 200 in 249ms
 GET /api/drive/list 401 in 235ms
 GET /api/auth/session 200 in 178ms
 GET /api/profiles 200 in 206ms
 GET /api/auth/csrf 200 in 72ms
 POST /api/auth/callback/credentials 302 in 165ms
 GET / 200 in 272ms
 GET / 200 in 234ms
 GET /api/auth/session 200 in 105ms
 GET /api/profiles 200 in 324ms
 GET /api/expenses/years 200 in 359ms
 GET /api/net-worth 200 in 374ms
 GET /api/insights? 200 in 403ms
 GET /api/health-score 200 in 419ms
 GET /api/bank-accounts 200 in 268ms
 GET /api/cash-balance 200 in 249ms
 GET /api/auth/session 200 in 214ms
 GET /api/profiles 200 in 219ms
 GET /expenses 200 in 334ms
 GET /api/auth/session 200 in 87ms
 GET /api/categories 200 in 318ms
 GET /api/profiles 200 in 338ms
 GET /api/expenses?page=1&pageSize=100&sortField=date&sortDir=desc 200 in 358ms
 GET /api/expenses/flagged?pageSize=1 200 in 332ms
 GET /api/import-sessions 200 in 334ms
 GET /api/auth/status 200 in 367ms
 GET /api/bank-analysis/status 200 in 272ms
 GET /api/drive/list 401 in 241ms
 GET /api/auth/session 200 in 187ms
 GET /api/profiles 200 in 215ms
 GET /api/auth/csrf 200 in 69ms
 POST /api/auth/callback/credentials 302 in 188ms
 GET / 200 in 219ms
 GET / 200 in 191ms
 GET /api/auth/session 200 in 102ms
 GET /api/profiles 200 in 354ms
 GET /api/expenses/years 200 in 382ms
 GET /api/net-worth 200 in 388ms
 GET /api/insights? 200 in 405ms
 GET /api/health-score 200 in 420ms
 GET /api/bank-accounts 200 in 346ms
 GET /api/cash-balance 200 in 218ms
 GET /api/auth/session 200 in 193ms
 GET /api/profiles 200 in 223ms
 GET /expenses 200 in 309ms
 GET /api/auth/session 200 in 81ms
 GET /api/categories 200 in 323ms
 GET /api/profiles 200 in 376ms
 GET /api/expenses?page=1&pageSize=100&sortField=date&sortDir=desc 200 in 397ms
 GET /api/import-sessions 200 in 383ms
 GET /api/expenses/flagged?pageSize=1 200 in 386ms
 GET /api/auth/status 200 in 390ms
 GET /api/bank-analysis/status 200 in 302ms
 GET /api/drive/list 401 in 301ms
 GET /api/auth/session 200 in 248ms
 GET /api/profiles 200 in 253ms
 GET /api/auth/csrf 200 in 66ms
 POST /api/auth/callback/credentials 302 in 195ms
 GET / 200 in 234ms
 GET / 200 in 198ms
 GET /api/profiles 200 in 345ms
 GET /api/auth/session 200 in 324ms
 GET /api/expenses/years 200 in 371ms
 GET /api/net-worth 200 in 350ms
 GET /api/insights? 200 in 408ms
 GET /api/health-score 200 in 414ms
 GET /api/profiles 200 in 524ms
 GET /api/cash-balance 200 in 554ms
 GET /api/bank-accounts 200 in 554ms
 GET /api/auth/session 200 in 482ms
 GET /expenses 200 in 632ms
 GET /api/auth/session 200 in 79ms
 GET /api/categories 200 in 305ms
 GET /api/profiles 200 in 329ms
 GET /api/expenses?page=1&pageSize=100&sortField=date&sortDir=desc 200 in 354ms
 GET /api/import-sessions 200 in 356ms
 GET /api/expenses/flagged?pageSize=1 200 in 338ms
 GET /api/auth/status 200 in 366ms
 GET /api/bank-analysis/status 200 in 277ms
 GET /api/drive/list 401 in 254ms
 GET /api/auth/session 200 in 198ms
 GET /api/profiles 200 in 231ms
 GET /api/auth/csrf 200 in 94ms
 POST /api/auth/callback/credentials 302 in 185ms
 GET / 200 in 214ms
 GET / 200 in 196ms
 GET /api/auth/session 200 in 280ms
 GET /api/profiles 200 in 296ms
 GET /api/expenses/years 200 in 299ms
 GET /api/net-worth 200 in 316ms
 GET /api/insights? 200 in 338ms
 GET /api/health-score 200 in 355ms
 GET /api/auth/session 200 in 517ms
 GET /api/cash-balance 200 in 563ms
 GET /api/bank-accounts 200 in 564ms
 GET /api/profiles 200 in 563ms
 GET /expenses 200 in 697ms
 GET /api/auth/session 200 in 78ms
 GET /api/categories 200 in 317ms
 GET /api/profiles 200 in 337ms
 GET /api/expenses?page=1&pageSize=100&sortField=date&sortDir=desc 200 in 355ms
 GET /api/expenses/flagged?pageSize=1 200 in 332ms
 GET /api/import-sessions 200 in 335ms
 GET /api/auth/status 200 in 366ms
 GET /api/bank-analysis/status 200 in 287ms
 GET /api/drive/list 401 in 283ms
 GET /api/auth/session 200 in 223ms
 GET /api/profiles 200 in 255ms
 GET /api/auth/csrf 200 in 67ms
 POST /api/auth/callback/credentials 302 in 176ms
 GET / 200 in 220ms
 GET / 200 in 232ms
 GET /api/auth/session 200 in 127ms
 GET /api/profiles 200 in 318ms
 GET /api/expenses/years 200 in 355ms
 GET /api/net-worth 200 in 364ms
 GET /api/insights? 200 in 407ms
 GET /api/health-score 200 in 422ms
 GET /api/bank-accounts 200 in 268ms
 GET /api/cash-balance 200 in 228ms
 GET /api/profiles 200 in 198ms
 GET /api/auth/session 200 in 176ms
 GET /expenses 200 in 317ms
 GET /api/auth/session 200 in 101ms
 GET /api/categories 200 in 261ms
 GET /api/profiles 200 in 294ms
 GET /api/expenses?page=1&pageSize=100&sortField=date&sortDir=desc 200 in 315ms
 GET /api/import-sessions 200 in 320ms
 GET /api/auth/status 200 in 323ms
 GET /api/expenses/flagged?pageSize=1 200 in 325ms
 GET /api/bank-analysis/status 200 in 311ms
 GET /api/drive/list 401 in 295ms
 GET /api/auth/session 200 in 208ms
 GET /api/profiles 200 in 266ms
 GET /api/auth/csrf 200 in 66ms
 POST /api/auth/callback/credentials 302 in 170ms
 GET / 200 in 228ms
 GET / 200 in 217ms
 GET /api/auth/session 200 in 95ms
 GET /api/profiles 200 in 311ms
 GET /api/expenses/years 200 in 354ms
 GET /api/net-worth 200 in 360ms
 GET /api/insights? 200 in 391ms
 GET /api/health-score 200 in 405ms
 GET /api/bank-accounts 200 in 213ms
 GET /api/cash-balance 200 in 197ms
 GET /api/auth/session 200 in 171ms
 GET /api/profiles 200 in 204ms
 GET /expenses 200 in 316ms
 GET /api/auth/session 200 in 83ms
 GET /api/categories 200 in 241ms
 GET /api/profiles 200 in 309ms
 GET /api/expenses?page=1&pageSize=100&sortField=date&sortDir=desc 200 in 328ms
 GET /api/import-sessions 200 in 297ms
 GET /api/auth/status 200 in 300ms
 GET /api/expenses/flagged?pageSize=1 200 in 302ms
 GET /api/bank-analysis/status 200 in 259ms
 GET /api/drive/list 401 in 247ms
 GET /api/auth/session 200 in 186ms
 GET /api/profiles 200 in 226ms
 GET /expenses 200 in 339ms
 GET /api/auth/session 200 in 248ms
 GET /api/categories 200 in 592ms
 GET /api/profiles 200 in 656ms
 GET /api/expenses?page=1&pageSize=100&sortField=date&sortDir=desc 200 in 712ms
 GET /api/import-sessions 200 in 714ms
 GET /api/auth/status 200 in 759ms
 GET /api/expenses/flagged?pageSize=1 200 in 597ms
 GET /api/bank-analysis/status 200 in 538ms
 GET /api/drive/list 401 in 435ms
 GET /api/auth/session 200 in 394ms
 GET /api/profiles 200 in 402ms
 GET /expenses 200 in 514ms
 GET /api/auth/session 200 in 110ms
 GET /api/categories 200 in 303ms
 GET /api/profiles 200 in 339ms
 GET /api/expenses?page=1&pageSize=100&sortField=date&sortDir=desc 200 in 362ms
 GET /api/import-sessions 200 in 365ms
 GET /api/auth/status 200 in 373ms
 GET /api/expenses/flagged?pageSize=1 200 in 376ms
 GET /api/bank-analysis/status 200 in 314ms
 GET /api/drive/list 401 in 283ms
 GET /api/auth/session 200 in 204ms
 GET /api/profiles 200 in 243ms
 GET /expenses 200 in 341ms
 GET /api/auth/session 200 in 123ms
 GET /api/categories 200 in 285ms
 GET /api/profiles 200 in 321ms
 GET /api/expenses?page=1&pageSize=100&sortField=date&sortDir=desc 200 in 342ms
 GET /api/import-sessions 200 in 345ms
 GET /api/auth/status 200 in 349ms
 GET /api/expenses/flagged?pageSize=1 200 in 319ms
 GET /api/bank-analysis/status 200 in 304ms
 GET /api/drive/list 401 in 245ms
 GET /api/auth/session 200 in 196ms
 GET /api/profiles 200 in 223ms
 GET /expenses 200 in 310ms
 GET /api/auth/session 200 in 93ms
 GET /api/categories 200 in 417ms
 GET /api/profiles 200 in 437ms
 GET /api/expenses?page=1&pageSize=100&sortField=date&sortDir=desc 200 in 455ms
 GET /api/import-sessions 200 in 425ms
 GET /api/expenses/flagged?pageSize=1 200 in 428ms
 GET /api/auth/status 200 in 469ms
 GET /api/bank-analysis/status 200 in 282ms
 GET /api/drive/list 401 in 265ms
 GET /api/auth/session 200 in 214ms
 GET /api/profiles 200 in 246ms
 GET /expenses 200 in 333ms
 GET /api/categories 200 in 876ms
 GET /api/profiles 200 in 921ms
 GET /api/auth/session 200 in 352ms
 GET /api/import-sessions 200 in 362ms
 GET /api/auth/status 200 in 942ms
 GET /api/expenses?page=1&pageSize=100&sortField=date&sortDir=desc 200 in 953ms
 GET /api/expenses/flagged?pageSize=1 200 in 362ms
 GET /api/bank-analysis/status 200 in 384ms
 GET /api/profiles 200 in 356ms
 GET /api/auth/session 200 in 248ms
 GET /api/drive/list 401 in 363ms
 ○ Compiling /family ...
 ✓ Compiled /family in 8.1s (5544 modules)
 GET /family 200 in 8835ms
 GET /api/auth/session 200 in 172ms
 ○ Compiling /api/family/members ...
 GET /api/profiles 200 in 1436ms
 ✓ Compiled /auto-link in 5.5s (5555 modules)
 GET /auto-link 200 in 4945ms
 GET /api/auth/session 200 in 99ms
 ○ Compiling /api/auto-link/suggestions ...
 GET /api/profiles 200 in 2538ms
 ✓ Compiled /api/auto-link/suggestions in 2.5s (5557 modules)
 ○ Compiling /gmail-import ...
 ✓ Compiled /gmail-import in 4.2s (5572 modules)
 GET /gmail-import 200 in 4796ms
 GET /api/auth/session 200 in 148ms
 ○ Compiling /api/gmail/keywords ...
 GET /api/profiles 200 in 1279ms
 GET /api/auth/status 200 in 1278ms
 ✓ Compiled /api/gmail/keywords in 3.4s (5577 modules)
 GET /api/auth/csrf 200 in 2275ms
 POST /api/auth/callback/credentials 302 in 196ms
 GET / 200 in 711ms
 GET / 200 in 221ms
 GET /api/auth/session 200 in 99ms
 GET /api/profiles 200 in 400ms
 GET /api/expenses/years 200 in 456ms
 GET /api/net-worth 200 in 515ms
 GET /api/insights? 200 in 531ms
 GET /api/bank-accounts 200 in 471ms
 GET /api/health-score 200 in 547ms
 GET /api/cash-balance 200 in 292ms
 GET /api/auth/session 200 in 272ms
 GET /api/profiles 200 in 365ms
 GET /api/profiles 200 in 718ms
 ○ Compiling /admin/audit-log ...
 ✓ Compiled /admin/audit-log in 5.4s (5586 modules)
 GET /admin/audit-log 200 in 6096ms
 GET /api/auth/session 200 in 139ms
 ○ Compiling /api/admin/audit-log ...
 GET /api/profiles 200 in 2273ms
 ✓ Compiled /api/admin/audit-log in 4.5s (5589 modules)
 GET /api/auth/csrf 200 in 1809ms
 POST /api/auth/callback/credentials 302 in 207ms
 GET / 200 in 659ms
 GET / 200 in 220ms
 GET /api/auth/session 200 in 74ms
 GET /api/profiles 200 in 382ms
 GET /api/expenses/years 200 in 407ms
 GET /api/net-worth 200 in 416ms
 GET /api/bank-accounts 200 in 430ms
 GET /api/insights? 200 in 442ms
 GET /api/health-score 200 in 457ms
 GET /api/cash-balance 200 in 250ms
 GET /api/auth/session 200 in 219ms
 GET /api/profiles 200 in 256ms
 GET /api/profiles 200 in 143ms
 ○ Compiling /admin/users ...
 ✓ Compiled /admin/users in 3.4s (5599 modules)
 GET /admin/users 200 in 4004ms
 ○ Compiling /api/admin/users ...
 GET /api/auth/session 200 in 1811ms
 GET /api/profiles 200 in 2039ms
 ✓ Compiled /api/admin/users in 3s (5601 modules)
 GET /api/auth/csrf 200 in 1363ms
 POST /api/auth/callback/credentials 302 in 209ms
 GET / 200 in 531ms
 GET / 200 in 231ms
 GET /api/auth/session 200 in 100ms
 GET /api/profiles 200 in 371ms
 GET /api/expenses/years 200 in 397ms
 GET /api/net-worth 200 in 404ms
 GET /api/bank-accounts 200 in 378ms
 GET /api/insights? 200 in 425ms
 GET /api/health-score 200 in 439ms
 GET /api/auth/session 200 in 171ms
 GET /api/cash-balance 200 in 204ms
 GET /api/profiles 200 in 204ms
 GET /api/profiles 200 in 92ms
 ○ Compiling /admin/profiles ...
 ✓ Compiled /admin/profiles in 1829ms (5584 modules)
 GET /admin/profiles 200 in 2344ms
 GET /api/auth/session 200 in 122ms
 ○ Compiling /api/admin/profiles ...
 GET /api/profiles 200 in 2542ms
 ✓ Compiled /api/admin/profiles in 2.5s (5598 modules)
 GET /api/auth/csrf 200 in 147ms
 POST /api/auth/callback/credentials 302 in 215ms
 GET / 200 in 499ms
 GET / 200 in 238ms
 GET /api/profiles 200 in 331ms
 GET /api/auth/session 200 in 315ms
 GET /api/expenses/years 200 in 355ms
 GET /api/net-worth 200 in 319ms
 GET /api/insights? 200 in 382ms
 GET /api/health-score 200 in 392ms
 GET /api/bank-accounts 200 in 301ms
 GET /api/cash-balance 200 in 302ms
 GET /api/profiles 200 in 303ms
 GET /api/auth/session 200 in 260ms
 GET /api/profiles 200 in 71ms
 ○ Compiling /admin/features ...
 ✓ Compiled /admin/features in 3.4s (5601 modules)
 GET /admin/features 200 in 3964ms
 GET /api/auth/session 200 in 122ms
 ○ Compiling /api/admin/features/users ...
 GET /api/profiles 200 in 2742ms
 ✓ Compiled /api/admin/features/users in 3.3s (5597 modules)
 GET /api/auth/csrf 200 in 672ms
 POST /api/auth/callback/credentials 302 in 209ms
 GET / 200 in 454ms
 GET / 200 in 238ms
 GET /api/auth/session 200 in 95ms
 GET /api/profiles 200 in 334ms
 GET /api/expenses/years 200 in 361ms
 GET /api/net-worth 200 in 374ms
 GET /api/insights? 200 in 411ms
 GET /api/health-score 200 in 430ms
 GET /api/bank-accounts 200 in 254ms
 GET /api/auth/session 200 in 172ms
 GET /api/cash-balance 200 in 207ms
 GET /api/profiles 200 in 178ms
 GET /api/profiles 200 in 98ms
 ○ Compiling /settings/environment ...
 ✓ Compiled /settings/environment in 4.9s (5608 modules)
 GET /settings/environment 200 in 5391ms
 GET /api/auth/session 200 in 124ms
 ○ Compiling /api/settings/environment ...
 GET /api/profiles 200 in 2595ms
 ✓ Compiled /api/settings/environment in 2.6s (5611 modules)
 GET /api/auth/csrf 200 in 125ms
 POST /api/auth/callback/credentials 302 in 197ms
 GET / 200 in 378ms
 GET / 200 in 170ms
 GET /api/auth/session 200 in 73ms
 GET /api/profiles 200 in 332ms
 GET /api/expenses/years 200 in 358ms
 GET /api/bank-accounts 200 in 338ms
 GET /api/net-worth 200 in 368ms
 GET /api/insights? 200 in 389ms
 GET /api/health-score 200 in 406ms
 GET /api/auth/session 200 in 167ms
 GET /api/cash-balance 200 in 201ms
 GET /api/profiles 200 in 177ms
 GET /expenses 200 in 423ms
 GET /api/auth/csrf 200 in 51ms
 POST /api/auth/callback/credentials 302 in 167ms
 GET / 200 in 222ms
 ✓ Compiled in 14.9s (5378 modules)
 ✓ Compiled in 2.7s (2704 modules)
 ✓ Compiled in 2.3s (2704 modules)
 ✓ Compiled in 1117ms (2704 modules)
 ✓ Compiled in 2.4s (2704 modules)
 ✓ Compiled in 2.4s (2704 modules)
 ✓ Compiled in 2.4s (2704 modules)
 ✓ Compiled in 2.4s (2704 modules)
 ✓ Compiled in 2.3s (2704 modules)
 ✓ Compiled in 2.4s (2704 modules)
 ✓ Compiled in 2.2s (2704 modules)
 ✓ Compiled in 1082ms (2704 modules)
 ⚠ Found a change in next.config.ts. Restarting the server to apply the changes...
   ▲ Next.js 15.5.19
   - Local:        http://localhost:3100
   - Network:      http://192.168.150.1:3100
   - Environments: .env.local, .env

 ✓ Starting...
 ✓ Ready in 2.7s
[?25h
[e2e] server exited (code=0 signal=null)
